Archive member included to satisfy reference by file (symbol)

/opt/st/stm32cubeide_1.7.0/plugins/com.st.stm32cube.ide.mcu.externaltools.gnu-tools-for-stm32.9-2020-q2-update.linux64_2.0.0.202105311346/tools/bin/../lib/gcc/arm-none-eabi/9.3.1/../../../../arm-none-eabi/lib/thumb/v7-m/nofp/libc_nano.a(lib_a-errno.o)
                              ./Core/Src/syscalls.o (__errno)
/opt/st/stm32cubeide_1.7.0/plugins/com.st.stm32cube.ide.mcu.externaltools.gnu-tools-for-stm32.9-2020-q2-update.linux64_2.0.0.202105311346/tools/bin/../lib/gcc/arm-none-eabi/9.3.1/../../../../arm-none-eabi/lib/thumb/v7-m/nofp/libc_nano.a(lib_a-exit.o)
                              /opt/st/stm32cubeide_1.7.0/plugins/com.st.stm32cube.ide.mcu.externaltools.gnu-tools-for-stm32.9-2020-q2-update.linux64_2.0.0.202105311346/tools/bin/../lib/gcc/arm-none-eabi/9.3.1/../../../../arm-none-eabi/lib/thumb/v7-m/nofp/crt0.o (exit)
/opt/st/stm32cubeide_1.7.0/plugins/com.st.stm32cube.ide.mcu.externaltools.gnu-tools-for-stm32.9-2020-q2-update.linux64_2.0.0.202105311346/tools/bin/../lib/gcc/arm-none-eabi/9.3.1/../../../../arm-none-eabi/lib/thumb/v7-m/nofp/libc_nano.a(lib_a-findfp.o)
                              ./Middlewares/Third_Party/FreeRTOS/Source/tasks.o (__sf_fake_stderr)
/opt/st/stm32cubeide_1.7.0/plugins/com.st.stm32cube.ide.mcu.externaltools.gnu-tools-for-stm32.9-2020-q2-update.linux64_2.0.0.202105311346/tools/bin/../lib/gcc/arm-none-eabi/9.3.1/../../../../arm-none-eabi/lib/thumb/v7-m/nofp/libc_nano.a(lib_a-fwalk.o)
                              /opt/st/stm32cubeide_1.7.0/plugins/com.st.stm32cube.ide.mcu.externaltools.gnu-tools-for-stm32.9-2020-q2-update.linux64_2.0.0.202105311346/tools/bin/../lib/gcc/arm-none-eabi/9.3.1/../../../../arm-none-eabi/lib/thumb/v7-m/nofp/libc_nano.a(lib_a-findfp.o) (_fwalk)
/opt/st/stm32cubeide_1.7.0/plugins/com.st.stm32cube.ide.mcu.externaltools.gnu-tools-for-stm32.9-2020-q2-update.linux64_2.0.0.202105311346/tools/bin/../lib/gcc/arm-none-eabi/9.3.1/../../../../arm-none-eabi/lib/thumb/v7-m/nofp/libc_nano.a(lib_a-impure.o)
                              /opt/st/stm32cubeide_1.7.0/plugins/com.st.stm32cube.ide.mcu.externaltools.gnu-tools-for-stm32.9-2020-q2-update.linux64_2.0.0.202105311346/tools/bin/../lib/gcc/arm-none-eabi/9.3.1/../../../../arm-none-eabi/lib/thumb/v7-m/nofp/libc_nano.a(lib_a-exit.o) (_global_impure_ptr)
/opt/st/stm32cubeide_1.7.0/plugins/com.st.stm32cube.ide.mcu.externaltools.gnu-tools-for-stm32.9-2020-q2-update.linux64_2.0.0.202105311346/tools/bin/../lib/gcc/arm-none-eabi/9.3.1/../../../../arm-none-eabi/lib/thumb/v7-m/nofp/libc_nano.a(lib_a-init.o)
                              /opt/st/stm32cubeide_1.7.0/plugins/com.st.stm32cube.ide.mcu.externaltools.gnu-tools-for-stm32.9-2020-q2-update.linux64_2.0.0.202105311346/tools/bin/../lib/gcc/arm-none-eabi/9.3.1/../../../../arm-none-eabi/lib/thumb/v7-m/nofp/crt0.o (__libc_init_array)
/opt/st/stm32cubeide_1.7.0/plugins/com.st.stm32cube.ide.mcu.externaltools.gnu-tools-for-stm32.9-2020-q2-update.linux64_2.0.0.202105311346/tools/bin/../lib/gcc/arm-none-eabi/9.3.1/../../../../arm-none-eabi/lib/thumb/v7-m/nofp/libc_nano.a(lib_a-malloc.o)
                              ./Core/ThreadSafe/newlib_lock_glue.o (malloc)
/opt/st/stm32cubeide_1.7.0/plugins/com.st.stm32cube.ide.mcu.externaltools.gnu-tools-for-stm32.9-2020-q2-update.linux64_2.0.0.202105311346/tools/bin/../lib/gcc/arm-none-eabi/9.3.1/../../../../arm-none-eabi/lib/thumb/v7-m/nofp/libc_nano.a(lib_a-memcpy-stub.o)
                              ./Core/Src/freertos.o (memcpy)
/opt/st/stm32cubeide_1.7.0/plugins/com.st.stm32cube.ide.mcu.externaltools.gnu-tools-for-stm32.9-2020-q2-update.linux64_2.0.0.202105311346/tools/bin/../lib/gcc/arm-none-eabi/9.3.1/../../../../arm-none-eabi/lib/thumb/v7-m/nofp/libc_nano.a(lib_a-memset.o)
                              /opt/st/stm32cubeide_1.7.0/plugins/com.st.stm32cube.ide.mcu.externaltools.gnu-tools-for-stm32.9-2020-q2-update.linux64_2.0.0.202105311346/tools/bin/../lib/gcc/arm-none-eabi/9.3.1/../../../../arm-none-eabi/lib/thumb/v7-m/nofp/crt0.o (memset)
/opt/st/stm32cubeide_1.7.0/plugins/com.st.stm32cube.ide.mcu.externaltools.gnu-tools-for-stm32.9-2020-q2-update.linux64_2.0.0.202105311346/tools/bin/../lib/gcc/arm-none-eabi/9.3.1/../../../../arm-none-eabi/lib/thumb/v7-m/nofp/libc_nano.a(lib_a-nano-freer.o)
                              /opt/st/stm32cubeide_1.7.0/plugins/com.st.stm32cube.ide.mcu.externaltools.gnu-tools-for-stm32.9-2020-q2-update.linux64_2.0.0.202105311346/tools/bin/../lib/gcc/arm-none-eabi/9.3.1/../../../../arm-none-eabi/lib/thumb/v7-m/nofp/libc_nano.a(lib_a-malloc.o) (_free_r)
/opt/st/stm32cubeide_1.7.0/plugins/com.st.stm32cube.ide.mcu.externaltools.gnu-tools-for-stm32.9-2020-q2-update.linux64_2.0.0.202105311346/tools/bin/../lib/gcc/arm-none-eabi/9.3.1/../../../../arm-none-eabi/lib/thumb/v7-m/nofp/libc_nano.a(lib_a-nano-mallocr.o)
[...]
Memory Configuration

Name             Origin             Length             Attributes
RAM              0x0000000020000000 0x0000000000005000 xrw
FLASH            0x0000000008000000 0x0000000000010000 xr
*default*        0x0000000000000000 0xffffffffffffffff

Linker script and memory map

LOAD /opt/st/stm32cubeide_1.7.0/plugins/com.st.stm32cube.ide.mcu.externaltools.gnu-tools-for-stm32.9-2020-q2-update.linux64_2.0.0.202105311346/tools/bin/../lib/gcc/arm-none-eabi/9.3.1/thumb/v7-m/nofp/crti.o
LOAD /opt/st/stm32cubeide_1.7.0/plugins/com.st.stm32cube.ide.mcu.externaltools.gnu-tools-for-stm32.9-2020-q2-update.linux64_2.0.0.202105311346/tools/bin/../lib/gcc/arm-none-eabi/9.3.1/thumb/v7-m/nofp/crtbegin.o
LOAD /opt/st/stm32cubeide_1.7.0/plugins/com.st.stm32cube.ide.mcu.externaltools.gnu-tools-for-stm32.9-2020-q2-update.linux64_2.0.0.202105311346/tools/bin/../lib/gcc/arm-none-eabi/9.3.1/../../../../arm-none-eabi/lib/thumb/v7-m/nofp/crt0.o
LOAD ./Core/Src/CANZenTool.o
LOAD ./Core/Src/Fake.o
LOAD ./Core/Src/can.o
LOAD ./Core/Src/freertos.o
LOAD ./Core/Src/gpio.o
LOAD ./Core/Src/main.o
LOAD ./Core/Src/stm32f1xx_hal_msp.o
LOAD ./Core/Src/stm32f1xx_hal_timebase_tim.o
LOAD ./Core/Src/stm32f1xx_it.o
LOAD ./Core/Src/syscalls.o
LOAD ./Core/Src/sysmem.o
LOAD ./Core/Src/system_stm32f1xx.o
LOAD ./Core/Src/usart.o
LOAD ./Core/Startup/startup_stm32f103c8tx.o
LOAD ./Core/ThreadSafe/newlib_lock_glue.o
LOAD ./Drivers/STM32F1xx_HAL_Driver/Src/stm32f1xx_hal.o
LOAD ./Drivers/STM32F1xx_HAL_Driver/Src/stm32f1xx_hal_can.o
LOAD ./Drivers/STM32F1xx_HAL_Driver/Src/stm32f1xx_hal_cortex.o
LOAD ./Drivers/STM32F1xx_HAL_Driver/Src/stm32f1xx_hal_dma.o
LOAD ./Drivers/STM32F1xx_HAL_Driver/Src/stm32f1xx_hal_exti.o
LOAD ./Drivers/STM32F1xx_HAL_Driver/Src/stm32f1xx_hal_flash.o
LOAD ./Drivers/STM32F1xx_HAL_Driver/Src/stm32f1xx_hal_flash_ex.o
LOAD ./Drivers/STM32F1xx_HAL_Driver/Src/stm32f1xx_hal_gpio.o
LOAD ./Drivers/STM32F1xx_HAL_Driver/Src/stm32f1xx_hal_gpio_ex.o
LOAD ./Drivers/STM32F1xx_HAL_Driver/Src/stm32f1xx_hal_pwr.o
LOAD ./Drivers/STM32F1xx_HAL_Driver/Src/stm32f1xx_hal_rcc.o
LOAD ./Drivers/STM32F1xx_HAL_Driver/Src/stm32f1xx_hal_rcc_ex.o
LOAD ./Drivers/STM32F1xx_HAL_Driver/Src/stm32f1xx_hal_tim.o
LOAD ./Drivers/STM32F1xx_HAL_Driver/Src/stm32f1xx_hal_tim_ex.o
LOAD ./Drivers/STM32F1xx_HAL_Driver/Src/stm32f1xx_hal_uart.o
LOAD ./Middlewares/Third_Party/FreeRTOS/Source/CMSIS_RTOS_V2/cmsis_os2.o
LOAD ./Middlewares/Third_Party/FreeRTOS/Source/croutine.o
LOAD ./Middlewares/Third_Party/FreeRTOS/Source/event_groups.o
LOAD ./Middlewares/Third_Party/FreeRTOS/Source/list.o
LOAD ./Middlewares/Third_Party/FreeRTOS/Source/queue.o
LOAD ./Middlewares/Third_Party/FreeRTOS/Source/stream_buffer.o
LOAD ./Middlewares/Third_Party/FreeRTOS/Source/tasks.o
LOAD ./Middlewares/Third_Party/FreeRTOS/Source/timers.o
LOAD ./Middlewares/Third_Party/FreeRTOS/Source/portable/GCC/ARM_CM3/port.o
LOAD ./Middlewares/Third_Party/FreeRTOS/Source/portable/MemMang/heap_4.o
START GROUP
LOAD /opt/st/stm32cubeide_1.7.0/plugins/com.st.stm32cube.ide.mcu.externaltools.gnu-tools-for-stm32.9-2020-q2-update.linux64_2.0.0.202105311346/tools/bin/../lib/gcc/arm-none-eabi/9.3.1/../../../../arm-none-eabi/lib/thumb/v7-m/nofp/libc_nano.a
LOAD /opt/st/stm32cubeide_1.7.0/plugins/com.st.stm32cube.ide.mcu.externaltools.gnu-tools-for-stm32.9-2020-q2-update.linux64_2.0.0.202105311346/tools/bin/../lib/gcc/arm-none-eabi/9.3.1/../../../../arm-none-eabi/lib/thumb/v7-m/nofp/libm.a
END GROUP
START GROUP
LOAD /opt/st/stm32cubeide_1.7.0/plugins/com.st.stm32cube.ide.mcu.externaltools.gnu-tools-for-stm32.9-2020-q2-update.linux64_2.0.0.202105311346/tools/bin/../lib/gcc/arm-none-eabi/9.3.1/thumb/v7-m/nofp/libgcc.a
LOAD /opt/st/stm32cubeide_1.7.0/plugins/com.st.stm32cube.ide.mcu.externaltools.gnu-tools-for-stm32.9-2020-q2-update.linux64_2.0.0.202105311346/tools/bin/../lib/gcc/arm-none-eabi/9.3.1/../../../../arm-none-eabi/lib/thumb/v7-m/nofp/libc_nano.a
END GROUP
START GROUP
LOAD /opt/st/stm32cubeide_1.7.0/plugins/com.st.stm32cube.ide.mcu.externaltools.gnu-tools-for-stm32.9-2020-q2-update.linux64_2.0.0.202105311346/tools/bin/../lib/gcc/arm-none-eabi/9.3.1/thumb/v7-m/nofp/libgcc.a
LOAD /opt/st/stm32cubeide_1.7.0/plugins/com.st.stm32cube.ide.mcu.externaltools.gnu-tools-for-stm32.9-2020-q2-update.linux64_2.0.0.202105311346/tools/bin/../lib/gcc/arm-none-eabi/9.3.1/../../../../arm-none-eabi/lib/thumb/v7-m/nofp/libc_nano.a
LOAD /opt/st/stm32cubeide_1.7.0/plugins/com.st.stm32cube.ide.mcu.externaltools.gnu-tools-for-stm32.9-2020-q2-update.linux64_2.0.0.202105311346/tools/bin/../lib/gcc/arm-none-eabi/9.3.1/../../../../arm-none-eabi/lib/thumb/v7-m/nofp/libnosys.a
END GROUP
START GROUP
LOAD /opt/st/stm32cubeide_1.7.0/plugins/com.st.stm32cube.ide.mcu.externaltools.gnu-tools-for-stm32.9-2020-q2-update.linux64_2.0.0.202105311346/tools/bin/../lib/gcc/arm-none-eabi/9.3.1/thumb/v7-m/nofp/libgcc.a
LOAD /opt/st/stm32cubeide_1.7.0/plugins/com.st.stm32cube.ide.mcu.externaltools.gnu-tools-for-stm32.9-2020-q2-update.linux64_2.0.0.202105311346/tools/bin/../lib/gcc/arm-none-eabi/9.3.1/../../../../arm-none-eabi/lib/thumb/v7-m/nofp/libc_nano.a
LOAD /opt/st/stm32cubeide_1.7.0/plugins/com.st.stm32cube.ide.mcu.externaltools.gnu-tools-for-stm32.9-2020-q2-update.linux64_2.0.0.202105311346/tools/bin/../lib/gcc/arm-none-eabi/9.3.1/../../../../arm-none-eabi/lib/thumb/v7-m/nofp/libnosys.a
END GROUP
LOAD /opt/st/stm32cubeide_1.7.0/plugins/com.st.stm32cube.ide.mcu.externaltools.gnu-tools-for-stm32.9-2020-q2-update.linux64_2.0.0.202105311346/tools/bin/../lib/gcc/arm-none-eabi/9.3.1/thumb/v7-m/nofp/crtend.o
LOAD /opt/st/stm32cubeide_1.7.0/plugins/com.st.stm32cube.ide.mcu.externaltools.gnu-tools-for-stm32.9-2020-q2-update.linux64_2.0.0.202105311346/tools/bin/../lib/gcc/arm-none-eabi/9.3.1/thumb/v7-m/nofp/crtn.o
                0x0000000020005000                _estack = (ORIGIN (RAM) + LENGTH (RAM))
                0x0000000000000200                _Min_Heap_Size = 0x200
                0x0000000000000400                _Min_Stack_Size = 0x400

.isr_vector     0x0000000008000000      0x10c
                0x0000000008000000                . = ALIGN (0x4)
 *(.isr_vector)
 .isr_vector    0x0000000008000000      0x10c ./Core/Startup/startup_stm32f103c8tx.o
                0x0000000008000000                g_pfnVectors
                0x000000000800010c                . = ALIGN (0x4)

.text           0x0000000008000110     0x8690
                0x0000000008000110                . = ALIGN (0x4)
 *(.text)
 .text          0x0000000008000110       0x40 /opt/st/stm32cubeide_1.7.0/plugins/com.st.stm32cube.ide.mcu.externaltools.gnu-tools-for-stm32.9-2020-q2-update.linux64_2.0.0.202105311346/tools/bin/../lib/gcc/arm-none-eabi/9.3.1/thumb/v7-m/nofp/crtbegin.o
 *(.text*)
 .text.CANZenTool_setFilter
                0x0000000008000150       0x74 ./Core/Src/CANZenTool.o
                0x0000000008000150                CANZenTool_setFilter
 .text.CANZenTool_writeStdCanFrame
                0x00000000080001c4       0x52 ./Core/Src/CANZenTool.o
                0x00000000080001c4                CANZenTool_writeStdCanFrame
 *fill*         0x0000000008000216        0x2 
 .text.CANZenTool_sendCanFrameMsg
                0x0000000008000218       0x30 ./Core/Src/CANZenTool.o
                0x0000000008000218                CANZenTool_sendCanFrameMsg
 .text.sensor1_init
                0x0000000008000248       0x10 ./Core/Src/Fake.o
                0x0000000008000248                sensor1_init
 .text.sensor1_get
                0x0000000008000258       0x44 ./Core/Src/Fake.o
                0x0000000008000258                sensor1_get
 .text.sensor2_init
                0x000000000800029c       0x10 ./Core/Src/Fake.o
                0x000000000800029c                sensor2_init
 .text.sensor2_get
                0x00000000080002ac       0x44 ./Core/Src/Fake.o
                0x00000000080002ac                sensor2_get
 .text.storage1_init
                0x00000000080002f0       0x10 ./Core/Src/Fake.o
                0x00000000080002f0                storage1_init
 .text.storage1_save
                0x0000000008000300       0x48 ./Core/Src/Fake.o
                0x0000000008000300                storage1_save
 .text.storage2_init
                0x0000000008000348       0x10 ./Core/Src/Fake.o
                0x0000000008000348                storage2_init
 .text.storage2_save
                0x0000000008000358       0x48 ./Core/Src/Fake.o
                0x0000000008000358                storage2_save
 .text.actuator_get
                0x00000000080003a0        0xe ./Core/Src/Fake.o
                0x00000000080003a0                actuator_get
 .text.actuator_set
                0x00000000080003ae       0x14 ./Core/Src/Fake.o
                0x00000000080003ae                actuator_set
 *fill*         0x00000000080003c2        0x2 
 .text.MX_CAN_Init
                0x00000000080003c4       0x70 ./Core/Src/can.o
                0x00000000080003c4                MX_CAN_Init
 .text.HAL_CAN_MspInit
                0x0000000008000434       0xb8 ./Core/Src/can.o
                0x0000000008000434                HAL_CAN_MspInit
 .text.vApplicationStackOverflowHook
                0x00000000080004ec       0x40 ./Core/Src/freertos.o
                0x00000000080004ec                vApplicationStackOverflowHook
 .text.MX_FREERTOS_Init
                0x000000000800052c      0x168 ./Core/Src/freertos.o
                0x000000000800052c                MX_FREERTOS_Init
 .text.StartDefaultTask
                0x0000000008000694        0xc ./Core/Src/freertos.o
                0x0000000008000694                StartDefaultTask
 .text.StartGrupo1
                0x00000000080006a0       0x5c ./Core/Src/freertos.o
                0x00000000080006a0                StartGrupo1
 .text.StartGrupo2
                0x00000000080006fc       0x90 ./Core/Src/freertos.o
                0x00000000080006fc                StartGrupo2
 .text.StartCanGK
                0x000000000800078c      0x114 ./Core/Src/freertos.o
                0x000000000800078c                StartCanGK
 .text.StartStorage
                0x00000000080008a0       0xd4 ./Core/Src/freertos.o
                0x00000000080008a0                StartStorage
 .text.StartThermalCtrl
                0x0000000008000974       0x24 ./Core/Src/freertos.o
                0x0000000008000974                StartThermalCtrl
 .text.StartStimulus
                0x0000000008000998       0x74 ./Core/Src/freertos.o
                0x0000000008000998                StartStimulus
 .text.Grupo1TimerCallback
                0x0000000008000a0c       0x20 ./Core/Src/freertos.o
                0x0000000008000a0c                Grupo1TimerCallback
 .text.Grupo2TimerCallback
                0x0000000008000a2c       0x20 ./Core/Src/freertos.o
                0x0000000008000a2c                Grupo2TimerCallback
 .text.HAL_CAN_RxFifo0MsgPendingCallback
                0x0000000008000a4c       0x5c ./Core/Src/freertos.o
                0x0000000008000a4c                HAL_CAN_RxFifo0MsgPendingCallback
 .text.MX_GPIO_Init
                0x0000000008000aa8       0x44 ./Core/Src/gpio.o
                0x0000000008000aa8                MX_GPIO_Init
 .text.main     0x0000000008000aec       0x50 ./Core/Src/main.o
                0x0000000008000aec                main
 .text.SystemClock_Config
                0x0000000008000b3c       0x8e ./Core/Src/main.o
                0x0000000008000b3c                SystemClock_Config
 *fill*         0x0000000008000bca        0x2 
 .text.HAL_TIM_PeriodElapsedCallback
                0x0000000008000bcc       0x24 ./Core/Src/main.o
                0x0000000008000bcc                HAL_TIM_PeriodElapsedCallback
 .text.Error_Handler
                0x0000000008000bf0        0xa ./Core/Src/main.o
                0x0000000008000bf0                Error_Handler
 *fill*         0x0000000008000bfa        0x2 
 .text.HAL_MspInit
                0x0000000008000bfc       0x70 ./Core/Src/stm32f1xx_hal_msp.o
                0x0000000008000bfc                HAL_MspInit
 .text.HAL_InitTick
                0x0000000008000c6c       0xb0 ./Core/Src/stm32f1xx_hal_timebase_tim.o
                0x0000000008000c6c                HAL_InitTick
 .text.NMI_Handler
                0x0000000008000d1c        0xa ./Core/Src/stm32f1xx_it.o
                0x0000000008000d1c                NMI_Handler
 *fill*         0x0000000008000d26        0x2 
 .text.HardFault_Handler
                0x0000000008000d28       0x10 ./Core/Src/stm32f1xx_it.o
                0x0000000008000d28                HardFault_Handler
 .text.MemManage_Handler
                0x0000000008000d38        0x6 ./Core/Src/stm32f1xx_it.o
                0x0000000008000d38                MemManage_Handler
 .text.BusFault_Handler
                0x0000000008000d3e        0x6 ./Core/Src/stm32f1xx_it.o
                0x0000000008000d3e                BusFault_Handler
 .text.UsageFault_Handler
                0x0000000008000d44        0x6 ./Core/Src/stm32f1xx_it.o
                0x0000000008000d44                UsageFault_Handler
 .text.DebugMon_Handler
                0x0000000008000d4a        0xc ./Core/Src/stm32f1xx_it.o
                0x0000000008000d4a                DebugMon_Handler
 *fill*         0x0000000008000d56        0x2 
 .text.USB_HP_CAN1_TX_IRQHandler
                0x0000000008000d58       0x14 ./Core/Src/stm32f1xx_it.o
                0x0000000008000d58                USB_HP_CAN1_TX_IRQHandler
 .text.USB_LP_CAN1_RX0_IRQHandler
                0x0000000008000d6c       0x14 ./Core/Src/stm32f1xx_it.o
                0x0000000008000d6c                USB_LP_CAN1_RX0_IRQHandler
 .text.TIM4_IRQHandler
                0x0000000008000d80       0x14 ./Core/Src/stm32f1xx_it.o
                0x0000000008000d80                TIM4_IRQHandler
 .text._read    0x0000000008000d94       0x3a ./Core/Src/syscalls.o
                0x0000000008000d94                _read
 *fill*         0x0000000008000dce        0x2 
 .text._write   0x0000000008000dd0       0x2c ./Core/Src/syscalls.o
                0x0000000008000dd0                _write
 .text._close   0x0000000008000dfc       0x16 ./Core/Src/syscalls.o
                0x0000000008000dfc                _close
 .text._fstat   0x0000000008000e12       0x1e ./Core/Src/syscalls.o
                0x0000000008000e12                _fstat
 .text._isatty  0x0000000008000e30       0x14 ./Core/Src/syscalls.o
                0x0000000008000e30                _isatty
 .text._lseek   0x0000000008000e44       0x18 ./Core/Src/syscalls.o
                0x0000000008000e44                _lseek
 .text._sbrk    0x0000000008000e5c       0x6c ./Core/Src/sysmem.o
                0x0000000008000e5c                _sbrk
 .text.SystemInit
                0x0000000008000ec8        0xc ./Core/Src/system_stm32f1xx.o
                0x0000000008000ec8                SystemInit
 .text.MX_USART1_UART_Init
                0x0000000008000ed4       0x54 ./Core/Src/usart.o
                0x0000000008000ed4                MX_USART1_UART_Init
 .text.HAL_UART_MspInit
                0x0000000008000f28       0x98 ./Core/Src/usart.o
                0x0000000008000f28                HAL_UART_MspInit
 .text.Reset_Handler
                0x0000000008000fc0       0x48 ./Core/Startup/startup_stm32f103c8tx.o
                0x0000000008000fc0                Reset_Handler
 .text.Default_Handler
                0x0000000008001008        0x2 ./Core/Startup/startup_stm32f103c8tx.o
                0x0000000008001008                RTC_Alarm_IRQHandler
                0x0000000008001008                EXTI2_IRQHandler
                0x0000000008001008                TIM1_CC_IRQHandler
                0x0000000008001008                PVD_IRQHandler
                0x0000000008001008                EXTI3_IRQHandler
                0x0000000008001008                EXTI0_IRQHandler
                0x0000000008001008                I2C2_EV_IRQHandler
                0x0000000008001008                ADC1_2_IRQHandler
                0x0000000008001008                SPI1_IRQHandler
                0x0000000008001008                TAMPER_IRQHandler
                0x0000000008001008                DMA1_Channel4_IRQHandler
                0x0000000008001008                USART3_IRQHandler
                0x0000000008001008                RTC_IRQHandler
                0x0000000008001008                DMA1_Channel7_IRQHandler
                0x0000000008001008                CAN1_RX1_IRQHandler
                0x0000000008001008                I2C1_EV_IRQHandler
                0x0000000008001008                DMA1_Channel6_IRQHandler
                0x0000000008001008                TIM3_IRQHandler
                0x0000000008001008                RCC_IRQHandler
                0x0000000008001008                TIM1_TRG_COM_IRQHandler
                0x0000000008001008                DMA1_Channel1_IRQHandler
                0x0000000008001008                Default_Handler
                0x0000000008001008                EXTI15_10_IRQHandler
                0x0000000008001008                EXTI9_5_IRQHandler
                0x0000000008001008                SPI2_IRQHandler
                0x0000000008001008                DMA1_Channel5_IRQHandler
                0x0000000008001008                EXTI4_IRQHandler
                0x0000000008001008                DMA1_Channel3_IRQHandler
                0x0000000008001008                TIM1_UP_IRQHandler
                0x0000000008001008                WWDG_IRQHandler
                0x0000000008001008                TIM2_IRQHandler
                0x0000000008001008                TIM1_BRK_IRQHandler
                0x0000000008001008                EXTI1_IRQHandler
                0x0000000008001008                USART2_IRQHandler
                0x0000000008001008                I2C2_ER_IRQHandler
                0x0000000008001008                DMA1_Channel2_IRQHandler
                0x0000000008001008                CAN1_SCE_IRQHandler
                0x0000000008001008                FLASH_IRQHandler
                0x0000000008001008                USART1_IRQHandler
                0x0000000008001008                I2C1_ER_IRQHandler
                0x0000000008001008                USBWakeUp_IRQHandler
 .text.stm32_lock_init
                0x000000000800100a       0x42 ./Core/ThreadSafe/newlib_lock_glue.o
 .text.stm32_lock_acquire
                0x000000000800104c       0x60 ./Core/ThreadSafe/newlib_lock_glue.o
 .text.stm32_lock_release
                0x00000000080010ac       0x54 ./Core/ThreadSafe/newlib_lock_glue.o
 .text.__retarget_lock_init_recursive
                0x0000000008001100       0x4c ./Core/ThreadSafe/newlib_lock_glue.o
                0x0000000008001100                __retarget_lock_init_recursive
 .text.__retarget_lock_acquire_recursive
                0x000000000800114c       0x28 ./Core/ThreadSafe/newlib_lock_glue.o
                0x000000000800114c                __retarget_lock_acquire_recursive
 .text.__retarget_lock_release_recursive
                0x0000000008001174       0x28 ./Core/ThreadSafe/newlib_lock_glue.o
                0x0000000008001174                __retarget_lock_release_recursive
 .text.HAL_Init
                0x000000000800119c       0x2c ./Drivers/STM32F1xx_HAL_Driver/Src/stm32f1xx_hal.o
                0x000000000800119c                HAL_Init
 .text.HAL_IncTick
                0x00000000080011c8       0x24 ./Drivers/STM32F1xx_HAL_Driver/Src/stm32f1xx_hal.o
                0x00000000080011c8                HAL_IncTick
 .text.HAL_GetTick
                0x00000000080011ec       0x14 ./Drivers/STM32F1xx_HAL_Driver/Src/stm32f1xx_hal.o
                0x00000000080011ec                HAL_GetTick
 .text.HAL_CAN_Init
                0x0000000008001200      0x1f6 ./Drivers/STM32F1xx_HAL_Driver/Src/stm32f1xx_hal_can.o
                0x0000000008001200                HAL_CAN_Init
 .text.HAL_CAN_ConfigFilter
                0x00000000080013f6      0x192 ./Drivers/STM32F1xx_HAL_Driver/Src/stm32f1xx_hal_can.o
                0x00000000080013f6                HAL_CAN_ConfigFilter
 .text.HAL_CAN_Start
                0x0000000008001588       0x88 ./Drivers/STM32F1xx_HAL_Driver/Src/stm32f1xx_hal_can.o
                0x0000000008001588                HAL_CAN_Start
 .text.HAL_CAN_AddTxMessage
                0x0000000008001610      0x1b4 ./Drivers/STM32F1xx_HAL_Driver/Src/stm32f1xx_hal_can.o
                0x0000000008001610                HAL_CAN_AddTxMessage
 .text.HAL_CAN_GetRxMessage
                0x00000000080017c4      0x222 ./Drivers/STM32F1xx_HAL_Driver/Src/stm32f1xx_hal_can.o
                0x00000000080017c4                HAL_CAN_GetRxMessage
 .text.HAL_CAN_ActivateNotification
                0x00000000080019e6       0x4a ./Drivers/STM32F1xx_HAL_Driver/Src/stm32f1xx_hal_can.o
                0x00000000080019e6                HAL_CAN_ActivateNotification
 .text.HAL_CAN_IRQHandler
                0x0000000008001a30      0x36e ./Drivers/STM32F1xx_HAL_Driver/Src/stm32f1xx_hal_can.o
                0x0000000008001a30                HAL_CAN_IRQHandler
 .text.HAL_CAN_TxMailbox0CompleteCallback
                0x0000000008001d9e       0x12 ./Drivers/STM32F1xx_HAL_Driver/Src/stm32f1xx_hal_can.o
                0x0000000008001d9e                HAL_CAN_TxMailbox0CompleteCallback
 .text.HAL_CAN_TxMailbox1CompleteCallback
                0x0000000008001db0       0x12 ./Drivers/STM32F1xx_HAL_Driver/Src/stm32f1xx_hal_can.o
                0x0000000008001db0                HAL_CAN_TxMailbox1CompleteCallback
 .text.HAL_CAN_TxMailbox2CompleteCallback
                0x0000000008001dc2       0x12 ./Drivers/STM32F1xx_HAL_Driver/Src/stm32f1xx_hal_can.o
                0x0000000008001dc2                HAL_CAN_TxMailbox2CompleteCallback
 .text.HAL_CAN_TxMailbox0AbortCallback
                0x0000000008001dd4       0x12 ./Drivers/STM32F1xx_HAL_Driver/Src/stm32f1xx_hal_can.o
                0x0000000008001dd4                HAL_CAN_TxMailbox0AbortCallback
 .text.HAL_CAN_TxMailbox1AbortCallback
                0x0000000008001de6       0x12 ./Drivers/STM32F1xx_HAL_Driver/Src/stm32f1xx_hal_can.o
                0x0000000008001de6                HAL_CAN_TxMailbox1AbortCallback
 .text.HAL_CAN_TxMailbox2AbortCallback
                0x0000000008001df8       0x12 ./Drivers/STM32F1xx_HAL_Driver/Src/stm32f1xx_hal_can.o
                0x0000000008001df8                HAL_CAN_TxMailbox2AbortCallback
 .text.HAL_CAN_RxFifo0FullCallback
                0x0000000008001e0a       0x12 ./Drivers/STM32F1xx_HAL_Driver/Src/stm32f1xx_hal_can.o
                0x0000000008001e0a                HAL_CAN_RxFifo0FullCallback
 .text.HAL_CAN_RxFifo1MsgPendingCallback
                0x0000000008001e1c       0x12 ./Drivers/STM32F1xx_HAL_Driver/Src/stm32f1xx_hal_can.o
                0x0000000008001e1c                HAL_CAN_RxFifo1MsgPendingCallback
 .text.HAL_CAN_RxFifo1FullCallback
                0x0000000008001e2e       0x12 ./Drivers/STM32F1xx_HAL_Driver/Src/stm32f1xx_hal_can.o
                0x0000000008001e2e                HAL_CAN_RxFifo1FullCallback
 .text.HAL_CAN_SleepCallback
                0x0000000008001e40       0x12 ./Drivers/STM32F1xx_HAL_Driver/Src/stm32f1xx_hal_can.o
                0x0000000008001e40                HAL_CAN_SleepCallback
 .text.HAL_CAN_WakeUpFromRxMsgCallback
                0x0000000008001e52       0x12 ./Drivers/STM32F1xx_HAL_Driver/Src/stm32f1xx_hal_can.o
                0x0000000008001e52                HAL_CAN_WakeUpFromRxMsgCallback
 .text.HAL_CAN_ErrorCallback
                0x0000000008001e64       0x12 ./Drivers/STM32F1xx_HAL_Driver/Src/stm32f1xx_hal_can.o
                0x0000000008001e64                HAL_CAN_ErrorCallback
 *fill*         0x0000000008001e76        0x2 
 .text.__NVIC_SetPriorityGrouping
                0x0000000008001e78       0x48 ./Drivers/STM32F1xx_HAL_Driver/Src/stm32f1xx_hal_cortex.o
 .text.__NVIC_GetPriorityGrouping
                0x0000000008001ec0       0x1c ./Drivers/STM32F1xx_HAL_Driver/Src/stm32f1xx_hal_cortex.o
 .text.__NVIC_EnableIRQ
                0x0000000008001edc       0x38 ./Drivers/STM32F1xx_HAL_Driver/Src/stm32f1xx_hal_cortex.o
 .text.__NVIC_SetPriority
                0x0000000008001f14       0x54 ./Drivers/STM32F1xx_HAL_Driver/Src/stm32f1xx_hal_cortex.o
 .text.NVIC_EncodePriority
                0x0000000008001f68       0x64 ./Drivers/STM32F1xx_HAL_Driver/Src/stm32f1xx_hal_cortex.o
 .text.HAL_NVIC_SetPriorityGrouping
                0x0000000008001fcc       0x16 ./Drivers/STM32F1xx_HAL_Driver/Src/stm32f1xx_hal_cortex.o
                0x0000000008001fcc                HAL_NVIC_SetPriorityGrouping
 .text.HAL_NVIC_SetPriority
                0x0000000008001fe2       0x38 ./Drivers/STM32F1xx_HAL_Driver/Src/stm32f1xx_hal_cortex.o
                0x0000000008001fe2                HAL_NVIC_SetPriority
 .text.HAL_NVIC_EnableIRQ
                0x000000000800201a       0x1c ./Drivers/STM32F1xx_HAL_Driver/Src/stm32f1xx_hal_cortex.o
                0x000000000800201a                HAL_NVIC_EnableIRQ
 *fill*         0x0000000008002036        0x2 
 .text.HAL_GPIO_Init
                0x0000000008002038      0x308 ./Drivers/STM32F1xx_HAL_Driver/Src/stm32f1xx_hal_gpio.o
                0x0000000008002038                HAL_GPIO_Init
 .text.HAL_RCC_OscConfig
                0x0000000008002340      0x500 ./Drivers/STM32F1xx_HAL_Driver/Src/stm32f1xx_hal_rcc.o
                0x0000000008002340                HAL_RCC_OscConfig
 .text.HAL_RCC_ClockConfig
                0x0000000008002840      0x1d4 ./Drivers/STM32F1xx_HAL_Driver/Src/stm32f1xx_hal_rcc.o
                0x0000000008002840                HAL_RCC_ClockConfig
 .text.HAL_RCC_EnableCSS
                0x0000000008002a14       0x18 ./Drivers/STM32F1xx_HAL_Driver/Src/stm32f1xx_hal_rcc.o
                0x0000000008002a14                HAL_RCC_EnableCSS
 .text.HAL_RCC_GetSysClockFreq
                0x0000000008002a2c       0xc0 ./Drivers/STM32F1xx_HAL_Driver/Src/stm32f1xx_hal_rcc.o
                0x0000000008002a2c                HAL_RCC_GetSysClockFreq
 .text.HAL_RCC_GetHCLKFreq
                0x0000000008002aec       0x14 ./Drivers/STM32F1xx_HAL_Driver/Src/stm32f1xx_hal_rcc.o
                0x0000000008002aec                HAL_RCC_GetHCLKFreq
 .text.HAL_RCC_GetPCLK1Freq
                0x0000000008002b00       0x28 ./Drivers/STM32F1xx_HAL_Driver/Src/stm32f1xx_hal_rcc.o
                0x0000000008002b00                HAL_RCC_GetPCLK1Freq
 .text.HAL_RCC_GetPCLK2Freq
                0x0000000008002b28       0x28 ./Drivers/STM32F1xx_HAL_Driver/Src/stm32f1xx_hal_rcc.o
                0x0000000008002b28                HAL_RCC_GetPCLK2Freq
 .text.HAL_RCC_GetClockConfig
                0x0000000008002b50       0x60 ./Drivers/STM32F1xx_HAL_Driver/Src/stm32f1xx_hal_rcc.o
                0x0000000008002b50                HAL_RCC_GetClockConfig
 .text.HAL_RCC_NMI_IRQHandler
                0x0000000008002bb0       0x28 ./Drivers/STM32F1xx_HAL_Driver/Src/stm32f1xx_hal_rcc.o
                0x0000000008002bb0                HAL_RCC_NMI_IRQHandler
 .text.RCC_Delay
                0x0000000008002bd8       0x3c ./Drivers/STM32F1xx_HAL_Driver/Src/stm32f1xx_hal_rcc.o
 .text.HAL_RCC_CSSCallback
                0x0000000008002c14        0xc ./Drivers/STM32F1xx_HAL_Driver/Src/stm32f1xx_hal_rcc.o
                0x0000000008002c14                HAL_RCC_CSSCallback
 .text.HAL_TIM_Base_Init
                0x0000000008002c20       0x9e ./Drivers/STM32F1xx_HAL_Driver/Src/stm32f1xx_hal_tim.o
                0x0000000008002c20                HAL_TIM_Base_Init
 .text.HAL_TIM_Base_MspInit
                0x0000000008002cbe       0x12 ./Drivers/STM32F1xx_HAL_Driver/Src/stm32f1xx_hal_tim.o
                0x0000000008002cbe                HAL_TIM_Base_MspInit
 .text.HAL_TIM_Base_Start_IT
                0x0000000008002cd0       0xa4 ./Drivers/STM32F1xx_HAL_Driver/Src/stm32f1xx_hal_tim.o
                0x0000000008002cd0                HAL_TIM_Base_Start_IT
 .text.HAL_TIM_IRQHandler
                0x0000000008002d74      0x210 ./Drivers/STM32F1xx_HAL_Driver/Src/stm32f1xx_hal_tim.o
                0x0000000008002d74                HAL_TIM_IRQHandler
 .text.HAL_TIM_OC_DelayElapsedCallback
                0x0000000008002f84       0x12 ./Drivers/STM32F1xx_HAL_Driver/Src/stm32f1xx_hal_tim.o
                0x0000000008002f84                HAL_TIM_OC_DelayElapsedCallback
 .text.HAL_TIM_IC_CaptureCallback
                0x0000000008002f96       0x12 ./Drivers/STM32F1xx_HAL_Driver/Src/stm32f1xx_hal_tim.o
                0x0000000008002f96                HAL_TIM_IC_CaptureCallback
 .text.HAL_TIM_PWM_PulseFinishedCallback
                0x0000000008002fa8       0x12 ./Drivers/STM32F1xx_HAL_Driver/Src/stm32f1xx_hal_tim.o
                0x0000000008002fa8                HAL_TIM_PWM_PulseFinishedCallback
 .text.HAL_TIM_TriggerCallback
                0x0000000008002fba       0x12 ./Drivers/STM32F1xx_HAL_Driver/Src/stm32f1xx_hal_tim.o
                0x0000000008002fba                HAL_TIM_TriggerCallback
 .text.TIM_Base_SetConfig
                0x0000000008002fcc       0xc4 ./Drivers/STM32F1xx_HAL_Driver/Src/stm32f1xx_hal_tim.o
                0x0000000008002fcc                TIM_Base_SetConfig
 .text.HAL_TIMEx_CommutCallback
                0x0000000008003090       0x12 ./Drivers/STM32F1xx_HAL_Driver/Src/stm32f1xx_hal_tim_ex.o
                0x0000000008003090                HAL_TIMEx_CommutCallback
 .text.HAL_TIMEx_BreakCallback
                0x00000000080030a2       0x12 ./Drivers/STM32F1xx_HAL_Driver/Src/stm32f1xx_hal_tim_ex.o
                0x00000000080030a2                HAL_TIMEx_BreakCallback
 .text.HAL_UART_Init
                0x00000000080030b4       0x9a ./Drivers/STM32F1xx_HAL_Driver/Src/stm32f1xx_hal_uart.o
                0x00000000080030b4                HAL_UART_Init
 .text.HAL_UART_Transmit
                0x000000000800314e      0x124 ./Drivers/STM32F1xx_HAL_Driver/Src/stm32f1xx_hal_uart.o
                0x000000000800314e                HAL_UART_Transmit
 .text.UART_WaitOnFlagUntilTimeout
                0x0000000008003272       0x94 ./Drivers/STM32F1xx_HAL_Driver/Src/stm32f1xx_hal_uart.o
 *fill*         0x0000000008003306        0x2 
 .text.UART_SetConfig
                0x0000000008003308      0x11c ./Drivers/STM32F1xx_HAL_Driver/Src/stm32f1xx_hal_uart.o
 .text.osKernelInitialize
                0x0000000008003424       0x64 ./Middlewares/Third_Party/FreeRTOS/Source/CMSIS_RTOS_V2/cmsis_os2.o
                0x0000000008003424                osKernelInitialize
 .text.osKernelStart
                0x0000000008003488       0x68 ./Middlewares/Third_Party/FreeRTOS/Source/CMSIS_RTOS_V2/cmsis_os2.o
                0x0000000008003488                osKernelStart
 .text.osThreadNew
                0x00000000080034f0      0x154 ./Middlewares/Third_Party/FreeRTOS/Source/CMSIS_RTOS_V2/cmsis_os2.o
                0x00000000080034f0                osThreadNew
 .text.osThreadExit
                0x0000000008003644        0xc ./Middlewares/Third_Party/FreeRTOS/Source/CMSIS_RTOS_V2/cmsis_os2.o
                0x0000000008003644                osThreadExit
 .text.osThreadFlagsSet
                0x0000000008003650       0xc0 ./Middlewares/Third_Party/FreeRTOS/Source/CMSIS_RTOS_V2/cmsis_os2.o
                0x0000000008003650                osThreadFlagsSet
 .text.osThreadFlagsWait
                0x0000000008003710      0x128 ./Middlewares/Third_Party/FreeRTOS/Source/CMSIS_RTOS_V2/cmsis_os2.o
                0x0000000008003710                osThreadFlagsWait
 .text.osDelay  0x0000000008003838       0x5c ./Middlewares/Third_Party/FreeRTOS/Source/CMSIS_RTOS_V2/cmsis_os2.o
                0x0000000008003838                osDelay
 .text.TimerCallback
                0x0000000008003894       0x2a ./Middlewares/Third_Party/FreeRTOS/Source/CMSIS_RTOS_V2/cmsis_os2.o
 *fill*         0x00000000080038be        0x2 
 .text.osTimerNew
                0x00000000080038c0      0x108 ./Middlewares/Third_Party/FreeRTOS/Source/CMSIS_RTOS_V2/cmsis_os2.o
                0x00000000080038c0                osTimerNew
 .text.osTimerStart
                0x00000000080039c8       0x80 ./Middlewares/Third_Party/FreeRTOS/Source/CMSIS_RTOS_V2/cmsis_os2.o
                0x00000000080039c8                osTimerStart
 .text.osMutexAcquire
                0x0000000008003a48       0xbc ./Middlewares/Third_Party/FreeRTOS/Source/CMSIS_RTOS_V2/cmsis_os2.o
                0x0000000008003a48                osMutexAcquire
 .text.osMutexRelease
                0x0000000008003b04       0xa0 ./Middlewares/Third_Party/FreeRTOS/Source/CMSIS_RTOS_V2/cmsis_os2.o
                0x0000000008003b04                osMutexRelease
 .text.osSemaphoreNew
                0x0000000008003ba4      0x138 ./Middlewares/Third_Party/FreeRTOS/Source/CMSIS_RTOS_V2/cmsis_os2.o
                0x0000000008003ba4                osSemaphoreNew
 .text.osMessageQueueNew
                0x0000000008003cdc      0x10c ./Middlewares/Third_Party/FreeRTOS/Source/CMSIS_RTOS_V2/cmsis_os2.o
                0x0000000008003cdc                osMessageQueueNew
 .text.osMessageQueuePut
                0x0000000008003de8       0xe8 ./Middlewares/Third_Party/FreeRTOS/Source/CMSIS_RTOS_V2/cmsis_os2.o
                0x0000000008003de8                osMessageQueuePut
 .text.osMessageQueueGet
                0x0000000008003ed0       0xe4 ./Middlewares/Third_Party/FreeRTOS/Source/CMSIS_RTOS_V2/cmsis_os2.o
                0x0000000008003ed0                osMessageQueueGet
 .text.osMessageQueueGetCount
                0x0000000008003fb4       0x64 ./Middlewares/Third_Party/FreeRTOS/Source/CMSIS_RTOS_V2/cmsis_os2.o
                0x0000000008003fb4                osMessageQueueGetCount
 .text.vApplicationGetIdleTaskMemory
                0x0000000008004018       0x30 ./Middlewares/Third_Party/FreeRTOS/Source/CMSIS_RTOS_V2/cmsis_os2.o
                0x0000000008004018                vApplicationGetIdleTaskMemory
 .text.vApplicationGetTimerTaskMemory
                0x0000000008004048       0x30 ./Middlewares/Third_Party/FreeRTOS/Source/CMSIS_RTOS_V2/cmsis_os2.o
                0x0000000008004048                vApplicationGetTimerTaskMemory
 .text.vListInitialise
                0x0000000008004078       0x3e ./Middlewares/Third_Party/FreeRTOS/Source/list.o
                0x0000000008004078                vListInitialise
 .text.vListInitialiseItem
                0x00000000080040b6       0x18 ./Middlewares/Third_Party/FreeRTOS/Source/list.o
                0x00000000080040b6                vListInitialiseItem
 .text.vListInsertEnd
                0x00000000080040ce       0x46 ./Middlewares/Third_Party/FreeRTOS/Source/list.o
                0x00000000080040ce                vListInsertEnd
 .text.vListInsert
                0x0000000008004114       0x70 ./Middlewares/Third_Party/FreeRTOS/Source/list.o
                0x0000000008004114                vListInsert
 .text.uxListRemove
                0x0000000008004184       0x52 ./Middlewares/Third_Party/FreeRTOS/Source/list.o
                0x0000000008004184                uxListRemove
 .text.xQueueGenericReset
                0x00000000080041d6       0xb6 ./Middlewares/Third_Party/FreeRTOS/Source/queue.o
                0x00000000080041d6                xQueueGenericReset
 .text.xQueueGenericCreateStatic
                0x000000000800428c       0xee ./Middlewares/Third_Party/FreeRTOS/Source/queue.o
                0x000000000800428c                xQueueGenericCreateStatic
 .text.xQueueGenericCreate
                0x000000000800437a       0x7c ./Middlewares/Third_Party/FreeRTOS/Source/queue.o
                0x000000000800437a                xQueueGenericCreate
 .text.prvInitialiseNewQueue
                0x00000000080043f6       0x4c ./Middlewares/Third_Party/FreeRTOS/Source/queue.o
 .text.xQueueGiveMutexRecursive
                0x0000000008004442       0x68 ./Middlewares/Third_Party/FreeRTOS/Source/queue.o
                0x0000000008004442                xQueueGiveMutexRecursive
 .text.xQueueTakeMutexRecursive
                0x00000000080044aa       0x6c ./Middlewares/Third_Party/FreeRTOS/Source/queue.o
                0x00000000080044aa                xQueueTakeMutexRecursive
 .text.xQueueCreateCountingSemaphoreStatic
                0x0000000008004516       0x6e ./Middlewares/Third_Party/FreeRTOS/Source/queue.o
                0x0000000008004516                xQueueCreateCountingSemaphoreStatic
 .text.xQueueCreateCountingSemaphore
                0x0000000008004584       0x66 ./Middlewares/Third_Party/FreeRTOS/Source/queue.o
                0x0000000008004584                xQueueCreateCountingSemaphore
 *fill*         0x00000000080045ea        0x2 
 .text.xQueueGenericSend
                0x00000000080045ec      0x1e0 ./Middlewares/Third_Party/FreeRTOS/Source/queue.o
                0x00000000080045ec                xQueueGenericSend
 .text.xQueueGenericSendFromISR
                0x00000000080047cc      0x154 ./Middlewares/Third_Party/FreeRTOS/Source/queue.o
                0x00000000080047cc                xQueueGenericSendFromISR
 .text.xQueueReceive
                0x0000000008004920      0x1a8 ./Middlewares/Third_Party/FreeRTOS/Source/queue.o
                0x0000000008004920                xQueueReceive
 .text.xQueueSemaphoreTake
                0x0000000008004ac8      0x200 ./Middlewares/Third_Party/FreeRTOS/Source/queue.o
                0x0000000008004ac8                xQueueSemaphoreTake
 .text.xQueueReceiveFromISR
                0x0000000008004cc8      0x100 ./Middlewares/Third_Party/FreeRTOS/Source/queue.o
                0x0000000008004cc8                xQueueReceiveFromISR
 .text.uxQueueMessagesWaiting
                0x0000000008004dc8       0x3c ./Middlewares/Third_Party/FreeRTOS/Source/queue.o
                0x0000000008004dc8                uxQueueMessagesWaiting
 .text.uxQueueMessagesWaitingFromISR
                0x0000000008004e04       0x36 ./Middlewares/Third_Party/FreeRTOS/Source/queue.o
                0x0000000008004e04                uxQueueMessagesWaitingFromISR
 .text.vQueueDelete
                0x0000000008004e3a       0x46 ./Middlewares/Third_Party/FreeRTOS/Source/queue.o
                0x0000000008004e3a                vQueueDelete
 .text.prvGetDisinheritPriorityAfterTimeout
                0x0000000008004e80       0x2e ./Middlewares/Third_Party/FreeRTOS/Source/queue.o
 .text.prvCopyDataToQueue
                0x0000000008004eae       0xd4 ./Middlewares/Third_Party/FreeRTOS/Source/queue.o
 .text.prvCopyDataFromQueue
                0x0000000008004f82       0x4c ./Middlewares/Third_Party/FreeRTOS/Source/queue.o
 .text.prvUnlockQueue
                0x0000000008004fce       0xc0 ./Middlewares/Third_Party/FreeRTOS/Source/queue.o
 .text.prvIsQueueEmpty
                0x000000000800508e       0x2c ./Middlewares/Third_Party/FreeRTOS/Source/queue.o
 .text.prvIsQueueFull
                0x00000000080050ba       0x30 ./Middlewares/Third_Party/FreeRTOS/Source/queue.o
 *fill*         0x00000000080050ea        0x2 
 .text.vQueueAddToRegistry
                0x00000000080050ec       0x50 ./Middlewares/Third_Party/FreeRTOS/Source/queue.o
                0x00000000080050ec                vQueueAddToRegistry
 .text.vQueueUnregisterQueue
                0x000000000800513c       0x54 ./Middlewares/Third_Party/FreeRTOS/Source/queue.o
                0x000000000800513c                vQueueUnregisterQueue
 .text.vQueueWaitForMessageRestricted
                0x0000000008005190       0x68 ./Middlewares/Third_Party/FreeRTOS/Source/queue.o
                0x0000000008005190                vQueueWaitForMessageRestricted
 .text.prvNotifyQueueSetContainer
                0x00000000080051f8       0xb4 ./Middlewares/Third_Party/FreeRTOS/Source/queue.o
 .text.xTaskCreateStatic
                0x00000000080052ac       0xb8 ./Middlewares/Third_Party/FreeRTOS/Source/tasks.o
                0x00000000080052ac                xTaskCreateStatic
 .text.xTaskCreate
                0x0000000008005364       0x8a ./Middlewares/Third_Party/FreeRTOS/Source/tasks.o
                0x0000000008005364                xTaskCreate
 *fill*         0x00000000080053ee        0x2 
 .text.prvInitialiseNewTask
                0x00000000080053f0      0x13c ./Middlewares/Third_Party/FreeRTOS/Source/tasks.o
 .text.prvAddNewTaskToReadyList
                0x000000000800552c       0xc0 ./Middlewares/Third_Party/FreeRTOS/Source/tasks.o
 .text.vTaskDelete
                0x00000000080055ec       0xe4 ./Middlewares/Third_Party/FreeRTOS/Source/tasks.o
                0x00000000080055ec                vTaskDelete
 .text.vTaskDelay
                0x00000000080056d0       0x68 ./Middlewares/Third_Party/FreeRTOS/Source/tasks.o
                0x00000000080056d0                vTaskDelay
 .text.vTaskStartScheduler
                0x0000000008005738       0xe0 ./Middlewares/Third_Party/FreeRTOS/Source/tasks.o
                0x0000000008005738                vTaskStartScheduler
 .text.vTaskSuspendAll
                0x0000000008005818       0x1c ./Middlewares/Third_Party/FreeRTOS/Source/tasks.o
                0x0000000008005818                vTaskSuspendAll
 .text.xTaskResumeAll
                0x0000000008005834      0x120 ./Middlewares/Third_Party/FreeRTOS/Source/tasks.o
                0x0000000008005834                xTaskResumeAll
 .text.xTaskGetTickCount
                0x0000000008005954       0x1c ./Middlewares/Third_Party/FreeRTOS/Source/tasks.o
                0x0000000008005954                xTaskGetTickCount
 .text.xTaskIncrementTick
                0x0000000008005970      0x138 ./Middlewares/Third_Party/FreeRTOS/Source/tasks.o
                0x0000000008005970                xTaskIncrementTick
 .text.vTaskSwitchContext
                0x0000000008005aa8      0x114 ./Middlewares/Third_Party/FreeRTOS/Source/tasks.o
                0x0000000008005aa8                vTaskSwitchContext
 .text.vTaskPlaceOnEventList
                0x0000000008005bbc       0x48 ./Middlewares/Third_Party/FreeRTOS/Source/tasks.o
                0x0000000008005bbc                vTaskPlaceOnEventList
 .text.vTaskPlaceOnEventListRestricted
                0x0000000008005c04       0x58 ./Middlewares/Third_Party/FreeRTOS/Source/tasks.o
                0x0000000008005c04                vTaskPlaceOnEventListRestricted
 .text.xTaskRemoveFromEventList
                0x0000000008005c5c       0xc8 ./Middlewares/Third_Party/FreeRTOS/Source/tasks.o
                0x0000000008005c5c                xTaskRemoveFromEventList
 .text.vTaskInternalSetTimeOutState
                0x0000000008005d24       0x2c ./Middlewares/Third_Party/FreeRTOS/Source/tasks.o
                0x0000000008005d24                vTaskInternalSetTimeOutState
 .text.xTaskCheckForTimeOut
                0x0000000008005d50       0xc4 ./Middlewares/Third_Party/FreeRTOS/Source/tasks.o
                0x0000000008005d50                xTaskCheckForTimeOut
 .text.vTaskMissedYield
                0x0000000008005e14       0x18 ./Middlewares/Third_Party/FreeRTOS/Source/tasks.o
                0x0000000008005e14                vTaskMissedYield
 .text.prvIdleTask
                0x0000000008005e2c       0x24 ./Middlewares/Third_Party/FreeRTOS/Source/tasks.o
 .text.prvInitialiseTaskLists
                0x0000000008005e50       0x80 ./Middlewares/Third_Party/FreeRTOS/Source/tasks.o
 .text.prvCheckTasksWaitingTermination
                0x0000000008005ed0       0x5c ./Middlewares/Third_Party/FreeRTOS/Source/tasks.o
 .text.prvDeleteTCB
                0x0000000008005f2c       0x68 ./Middlewares/Third_Party/FreeRTOS/Source/tasks.o
 .text.prvResetNextTaskUnblockTime
                0x0000000008005f94       0x48 ./Middlewares/Third_Party/FreeRTOS/Source/tasks.o
 .text.xTaskGetCurrentTaskHandle
                0x0000000008005fdc       0x1c ./Middlewares/Third_Party/FreeRTOS/Source/tasks.o
                0x0000000008005fdc                xTaskGetCurrentTaskHandle
 .text.xTaskGetSchedulerState
                0x0000000008005ff8       0x3c ./Middlewares/Third_Party/FreeRTOS/Source/tasks.o
                0x0000000008005ff8                xTaskGetSchedulerState
 .text.xTaskPriorityInherit
                0x0000000008006034       0xdc ./Middlewares/Third_Party/FreeRTOS/Source/tasks.o
                0x0000000008006034                xTaskPriorityInherit
 .text.xTaskPriorityDisinherit
                0x0000000008006110       0xdc ./Middlewares/Third_Party/FreeRTOS/Source/tasks.o
                0x0000000008006110                xTaskPriorityDisinherit
 .text.vTaskPriorityDisinheritAfterTimeout
                0x00000000080061ec      0x10c ./Middlewares/Third_Party/FreeRTOS/Source/tasks.o
                0x00000000080061ec                vTaskPriorityDisinheritAfterTimeout
 .text.pvTaskIncrementMutexHeldCount
                0x00000000080062f8       0x28 ./Middlewares/Third_Party/FreeRTOS/Source/tasks.o
                0x00000000080062f8                pvTaskIncrementMutexHeldCount
 .text.xTaskNotifyWait
                0x0000000008006320       0xc0 ./Middlewares/Third_Party/FreeRTOS/Source/tasks.o
                0x0000000008006320                xTaskNotifyWait
 .text.xTaskGenericNotify
                0x00000000080063e0      0x138 ./Middlewares/Third_Party/FreeRTOS/Source/tasks.o
                0x00000000080063e0                xTaskGenericNotify
 .text.xTaskGenericNotifyFromISR
                0x0000000008006518      0x1a4 ./Middlewares/Third_Party/FreeRTOS/Source/tasks.o
                0x0000000008006518                xTaskGenericNotifyFromISR
 .text.prvAddCurrentTaskToDelayedList
                0x00000000080066bc       0xa8 ./Middlewares/Third_Party/FreeRTOS/Source/tasks.o
 .text.xTimerCreateTimerTask
                0x0000000008006764       0x90 ./Middlewares/Third_Party/FreeRTOS/Source/timers.o
                0x0000000008006764                xTimerCreateTimerTask
 .text.xTimerCreate
                0x00000000080067f4       0x42 ./Middlewares/Third_Party/FreeRTOS/Source/timers.o
                0x00000000080067f4                xTimerCreate
 .text.xTimerCreateStatic
                0x0000000008006836       0x7a ./Middlewares/Third_Party/FreeRTOS/Source/timers.o
                0x0000000008006836                xTimerCreateStatic
 .text.prvInitialiseNewTimer
                0x00000000080068b0       0x64 ./Middlewares/Third_Party/FreeRTOS/Source/timers.o
 .text.xTimerGenericCommand
                0x0000000008006914       0x9c ./Middlewares/Third_Party/FreeRTOS/Source/timers.o
                0x0000000008006914                xTimerGenericCommand
 .text.prvProcessExpiredTimer
                0x00000000080069b0       0x80 ./Middlewares/Third_Party/FreeRTOS/Source/timers.o
 .text.prvTimerTask
                0x0000000008006a30       0x24 ./Middlewares/Third_Party/FreeRTOS/Source/timers.o
 .text.prvProcessTimerOrBlockTask
                0x0000000008006a54       0x9c ./Middlewares/Third_Party/FreeRTOS/Source/timers.o
 .text.prvGetNextExpireTime
                0x0000000008006af0       0x48 ./Middlewares/Third_Party/FreeRTOS/Source/timers.o
 .text.prvSampleTimeNow
                0x0000000008006b38       0x40 ./Middlewares/Third_Party/FreeRTOS/Source/timers.o
 .text.prvInsertTimerInActiveList
                0x0000000008006b78       0x84 ./Middlewares/Third_Party/FreeRTOS/Source/timers.o
 .text.prvProcessReceivedCommands
                0x0000000008006bfc      0x168 ./Middlewares/Third_Party/FreeRTOS/Source/timers.o
 .text.prvSwitchTimerLists
                0x0000000008006d64       0xc4 ./Middlewares/Third_Party/FreeRTOS/Source/timers.o
 .text.prvCheckForValidListAndQueue
                0x0000000008006e28       0x80 ./Middlewares/Third_Party/FreeRTOS/Source/timers.o
 .text.pvTimerGetTimerID
                0x0000000008006ea8       0x40 ./Middlewares/Third_Party/FreeRTOS/Source/timers.o
                0x0000000008006ea8                pvTimerGetTimerID
 .text.pxPortInitialiseStack
                0x0000000008006ee8       0x58 ./Middlewares/Third_Party/FreeRTOS/Source/portable/GCC/ARM_CM3/port.o
                0x0000000008006ee8                pxPortInitialiseStack
 .text.prvTaskExitError
                0x0000000008006f40       0x58 ./Middlewares/Third_Party/FreeRTOS/Source/portable/GCC/ARM_CM3/port.o
 *fill*         0x0000000008006f98        0x8 
 .text.SVC_Handler
                0x0000000008006fa0       0x28 ./Middlewares/Third_Party/FreeRTOS/Source/portable/GCC/ARM_CM3/port.o
                0x0000000008006fa0                SVC_Handler
 .text.prvPortStartFirstTask
                0x0000000008006fc8       0x20 ./Middlewares/Third_Party/FreeRTOS/Source/portable/GCC/ARM_CM3/port.o
 .text.xPortStartScheduler
                0x0000000008006fe8       0xe4 ./Middlewares/Third_Party/FreeRTOS/Source/portable/GCC/ARM_CM3/port.o
                0x0000000008006fe8                xPortStartScheduler
 .text.vPortEnterCritical
                0x00000000080070cc       0x60 ./Middlewares/Third_Party/FreeRTOS/Source/portable/GCC/ARM_CM3/port.o
                0x00000000080070cc                vPortEnterCritical
 .text.vPortExitCritical
                0x000000000800712c       0x50 ./Middlewares/Third_Party/FreeRTOS/Source/portable/GCC/ARM_CM3/port.o
                0x000000000800712c                vPortExitCritical
 *fill*         0x000000000800717c        0x4 
 .text.PendSV_Handler
                0x0000000008007180       0x48 ./Middlewares/Third_Party/FreeRTOS/Source/portable/GCC/ARM_CM3/port.o
                0x0000000008007180                PendSV_Handler
 .text.SysTick_Handler
                0x00000000080071c8       0x44 ./Middlewares/Third_Party/FreeRTOS/Source/portable/GCC/ARM_CM3/port.o
                0x00000000080071c8                SysTick_Handler
 .text.vPortSetupTimerInterrupt
                0x000000000800720c       0x44 ./Middlewares/Third_Party/FreeRTOS/Source/portable/GCC/ARM_CM3/port.o
                0x000000000800720c                vPortSetupTimerInterrupt
 .text.vPortValidateInterruptPriority
                0x0000000008007250       0x7c ./Middlewares/Third_Party/FreeRTOS/Source/portable/GCC/ARM_CM3/port.o
                0x0000000008007250                vPortValidateInterruptPriority
 .text.pvPortMalloc
                0x00000000080072cc      0x188 ./Middlewares/Third_Party/FreeRTOS/Source/portable/MemMang/heap_4.o
                0x00000000080072cc                pvPortMalloc
 .text.vPortFree
                0x0000000008007454       0xb4 ./Middlewares/Third_Party/FreeRTOS/Source/portable/MemMang/heap_4.o
                0x0000000008007454                vPortFree
 .text.prvHeapInit
                0x0000000008007508       0xc4 ./Middlewares/Third_Party/FreeRTOS/Source/portable/MemMang/heap_4.o
 .text.prvInsertBlockIntoFreeList
                0x00000000080075cc       0xb0 ./Middlewares/Third_Party/FreeRTOS/Source/portable/MemMang/heap_4.o
 .text.__errno  0x000000000800767c        0xc /opt/st/stm32cubeide_1.7.0/plugins/com.st.stm32cube.ide.mcu.externaltools.gnu-tools-for-stm32.9-2020-q2-update.linux64_2.0.0.202105311346/tools/bin/../lib/gcc/arm-none-eabi/9.3.1/../../../../arm-none-eabi/lib/thumb/v7-m/nofp/libc_nano.a(lib_a-errno.o)
                0x000000000800767c                __errno
 .text.std      0x0000000008007688       0x48 /opt/st/stm32cubeide_1.7.0/plugins/com.st.stm32cube.ide.mcu.externaltools.gnu-tools-for-stm32.9-2020-q2-update.linux64_2.0.0.202105311346/tools/bin/../lib/gcc/arm-none-eabi/9.3.1/../../../../arm-none-eabi/lib/thumb/v7-m/nofp/libc_nano.a(lib_a-findfp.o)
 .text._cleanup_r
                0x00000000080076d0        0xc /opt/st/stm32cubeide_1.7.0/plugins/com.st.stm32cube.ide.mcu.externaltools.gnu-tools-for-stm32.9-2020-q2-update.linux64_2.0.0.202105311346/tools/bin/../lib/gcc/arm-none-eabi/9.3.1/../../../../arm-none-eabi/lib/thumb/v7-m/nofp/libc_nano.a(lib_a-findfp.o)
                0x00000000080076d0                _cleanup_r
 .text.__sfmoreglue
                0x00000000080076dc       0x2c /opt/st/stm32cubeide_1.7.0/plugins/com.st.stm32cube.ide.mcu.externaltools.gnu-tools-for-stm32.9-2020-q2-update.linux64_2.0.0.202105311346/tools/bin/../lib/gcc/arm-none-eabi/9.3.1/../../../../arm-none-eabi/lib/thumb/v7-m/nofp/libc_nano.a(lib_a-findfp.o)
                0x00000000080076dc                __sfmoreglue
 .text.__sfp_lock_acquire
                0x0000000008007708        0xc /opt/st/stm32cubeide_1.7.0/plugins/com.st.stm32cube.ide.mcu.externaltools.gnu-tools-for-stm32.9-2020-q2-update.linux64_2.0.0.202105311346/tools/bin/../lib/gcc/arm-none-eabi/9.3.1/../../../../arm-none-eabi/lib/thumb/v7-m/nofp/libc_nano.a(lib_a-findfp.o)
                0x0000000008007708                __sfp_lock_acquire
 .text.__sfp_lock_release
                0x0000000008007714        0xc /opt/st/stm32cubeide_1.7.0/plugins/com.st.stm32cube.ide.mcu.externaltools.gnu-tools-for-stm32.9-2020-q2-update.linux64_2.0.0.202105311346/tools/bin/../lib/gcc/arm-none-eabi/9.3.1/../../../../arm-none-eabi/lib/thumb/v7-m/nofp/libc_nano.a(lib_a-findfp.o)
                0x0000000008007714                __sfp_lock_release
 .text.__sinit_lock_acquire
                0x0000000008007720        0xc /opt/st/stm32cubeide_1.7.0/plugins/com.st.stm32cube.ide.mcu.externaltools.gnu-tools-for-stm32.9-2020-q2-update.linux64_2.0.0.202105311346/tools/bin/../lib/gcc/arm-none-eabi/9.3.1/../../../../arm-none-eabi/lib/thumb/v7-m/nofp/libc_nano.a(lib_a-findfp.o)
                0x0000000008007720                __sinit_lock_acquire
 .text.__sinit_lock_release
                0x000000000800772c        0xc /opt/st/stm32cubeide_1.7.0/plugins/com.st.stm32cube.ide.mcu.externaltools.gnu-tools-for-stm32.9-2020-q2-update.linux64_2.0.0.202105311346/tools/bin/../lib/gcc/arm-none-eabi/9.3.1/../../../../arm-none-eabi/lib/thumb/v7-m/nofp/libc_nano.a(lib_a-findfp.o)
                0x000000000800772c                __sinit_lock_release
 .text.__sinit  0x0000000008007738       0x70 /opt/st/stm32cubeide_1.7.0/plugins/com.st.stm32cube.ide.mcu.externaltools.gnu-tools-for-stm32.9-2020-q2-update.linux64_2.0.0.202105311346/tools/bin/../lib/gcc/arm-none-eabi/9.3.1/../../../../arm-none-eabi/lib/thumb/v7-m/nofp/libc_nano.a(lib_a-findfp.o)
                0x0000000008007738                __sinit
 .text.__sfp    0x00000000080077a8       0x8c /opt/st/stm32cubeide_1.7.0/plugins/com.st.stm32cube.ide.mcu.externaltools.gnu-tools-for-stm32.9-2020-q2-update.linux64_2.0.0.202105311346/tools/bin/../lib/gcc/arm-none-eabi/9.3.1/../../../../arm-none-eabi/lib/thumb/v7-m/nofp/libc_nano.a(lib_a-findfp.o)
                0x00000000080077a8                __sfp
 .text._fwalk_reent
                0x0000000008007834       0x3e /opt/st/stm32cubeide_1.7.0/plugins/com.st.stm32cube.ide.mcu.externaltools.gnu-tools-for-stm32.9-2020-q2-update.linux64_2.0.0.202105311346/tools/bin/../lib/gcc/arm-none-eabi/9.3.1/../../../../arm-none-eabi/lib/thumb/v7-m/nofp/libc_nano.a(lib_a-fwalk.o)
                0x0000000008007834                _fwalk_reent
 *fill*         0x0000000008007872        0x2 
 .text.__libc_init_array
                0x0000000008007874       0x48 /opt/st/stm32cubeide_1.7.0/plugins/com.st.stm32cube.ide.mcu.externaltools.gnu-tools-for-stm32.9-2020-q2-update.linux64_2.0.0.202105311346/tools/bin/../lib/gcc/arm-none-eabi/9.3.1/../../../../arm-none-eabi/lib/thumb/v7-m/nofp/libc_nano.a(lib_a-init.o)
                0x0000000008007874                __libc_init_array
 .text.malloc   0x00000000080078bc       0x10 /opt/st/stm32cubeide_1.7.0/plugins/com.st.stm32cube.ide.mcu.externaltools.gnu-tools-for-stm32.9-2020-q2-update.linux64_2.0.0.202105311346/tools/bin/../lib/gcc/arm-none-eabi/9.3.1/../../../../arm-none-eabi/lib/thumb/v7-m/nofp/libc_nano.a(lib_a-malloc.o)
                0x00000000080078bc                malloc
 .text.memcpy   0x00000000080078cc       0x1c /opt/st/stm32cubeide_1.7.0/plugins/com.st.stm32cube.ide.mcu.externaltools.gnu-tools-for-stm32.9-2020-q2-update.linux64_2.0.0.202105311346/tools/bin/../lib/gcc/arm-none-eabi/9.3.1/../../../../arm-none-eabi/lib/thumb/v7-m/nofp/libc_nano.a(lib_a-memcpy-stub.o)
                0x00000000080078cc                memcpy
 .text.memset   0x00000000080078e8       0x10 /opt/st/stm32cubeide_1.7.0/plugins/com.st.stm32cube.ide.mcu.externaltools.gnu-tools-for-stm32.9-2020-q2-update.linux64_2.0.0.202105311346/tools/bin/../lib/gcc/arm-none-eabi/9.3.1/../../../../arm-none-eabi/lib/thumb/v7-m/nofp/libc_nano.a(lib_a-memset.o)
                0x00000000080078e8                memset
 .text._free_r  0x00000000080078f8       0x98 /opt/st/stm32cubeide_1.7.0/plugins/com.st.stm32cube.ide.mcu.externaltools.gnu-tools-for-stm32.9-2020-q2-update.linux64_2.0.0.202105311346/tools/bin/../lib/gcc/arm-none-eabi/9.3.1/../../../../arm-none-eabi/lib/thumb/v7-m/nofp/libc_nano.a(lib_a-nano-freer.o)
                0x00000000080078f8                _free_r
 .text._malloc_r
                0x0000000008007990       0xb4 /opt/st/stm32cubeide_1.7.0/plugins/com.st.stm32cube.ide.mcu.externaltools.gnu-tools-for-stm32.9-2020-q2-update.linux64_2.0.0.202105311346/tools/bin/../lib/gcc/arm-none-eabi/9.3.1/../../../../arm-none-eabi/lib/thumb/v7-m/nofp/libc_nano.a(lib_a-nano-mallocr.o)
                0x0000000008007990                _malloc_r
 .text.printf   0x0000000008007a44       0x30 /opt/st/stm32cubeide_1.7.0/plugins/com.st.stm32cube.ide.mcu.externaltools.gnu-tools-for-stm32.9-2020-q2-update.linux64_2.0.0.202105311346/tools/bin/../lib/gcc/arm-none-eabi/9.3.1/../../../../arm-none-eabi/lib/thumb/v7-m/nofp/libc_nano.a(lib_a-printf.o)
                0x0000000008007a44                printf
                0x0000000008007a44                iprintf
 .text._puts_r  0x0000000008007a74       0xdc /opt/st/stm32cubeide_1.7.0/plugins/com.st.stm32cube.ide.mcu.externaltools.gnu-tools-for-stm32.9-2020-q2-update.linux64_2.0.0.202105311346/tools/bin/../lib/gcc/arm-none-eabi/9.3.1/../../../../arm-none-eabi/lib/thumb/v7-m/nofp/libc_nano.a(lib_a-puts.o)
                0x0000000008007a74                _puts_r
 .text.puts     0x0000000008007b50       0x10 /opt/st/stm32cubeide_1.7.0/plugins/com.st.stm32cube.ide.mcu.externaltools.gnu-tools-for-stm32.9-2020-q2-update.linux64_2.0.0.202105311346/tools/bin/../lib/gcc/arm-none-eabi/9.3.1/../../../../arm-none-eabi/lib/thumb/v7-m/nofp/libc_nano.a(lib_a-puts.o)
                0x0000000008007b50                puts
 .text.cleanup_glue
                0x0000000008007b60       0x1a /opt/st/stm32cubeide_1.7.0/plugins/com.st.stm32cube.ide.mcu.externaltools.gnu-tools-for-stm32.9-2020-q2-update.linux64_2.0.0.202105311346/tools/bin/../lib/gcc/arm-none-eabi/9.3.1/../../../../arm-none-eabi/lib/thumb/v7-m/nofp/libc_nano.a(lib_a-reent.o)
                0x0000000008007b60                cleanup_glue
 *fill*         0x0000000008007b7a        0x2 
 .text._reclaim_reent
                0x0000000008007b7c       0xb8 /opt/st/stm32cubeide_1.7.0/plugins/com.st.stm32cube.ide.mcu.externaltools.gnu-tools-for-stm32.9-2020-q2-update.linux64_2.0.0.202105311346/tools/bin/../lib/gcc/arm-none-eabi/9.3.1/../../../../arm-none-eabi/lib/thumb/v7-m/nofp/libc_nano.a(lib_a-reent.o)
                0x0000000008007b7c                _reclaim_reent
 .text._sbrk_r  0x0000000008007c34       0x20 /opt/st/stm32cubeide_1.7.0/plugins/com.st.stm32cube.ide.mcu.externaltools.gnu-tools-for-stm32.9-2020-q2-update.linux64_2.0.0.202105311346/tools/bin/../lib/gcc/arm-none-eabi/9.3.1/../../../../arm-none-eabi/lib/thumb/v7-m/nofp/libc_nano.a(lib_a-sbrkr.o)
                0x0000000008007c34                _sbrk_r
 .text.__sread  0x0000000008007c54       0x22 /opt/st/stm32cubeide_1.7.0/plugins/com.st.stm32cube.ide.mcu.externaltools.gnu-tools-for-stm32.9-2020-q2-update.linux64_2.0.0.202105311346/tools/bin/../lib/gcc/arm-none-eabi/9.3.1/../../../../arm-none-eabi/lib/thumb/v7-m/nofp/libc_nano.a(lib_a-stdio.o)
                0x0000000008007c54                __sread
 .text.__swrite
                0x0000000008007c76       0x38 /opt/st/stm32cubeide_1.7.0/plugins/com.st.stm32cube.ide.mcu.externaltools.gnu-tools-for-stm32.9-2020-q2-update.linux64_2.0.0.202105311346/tools/bin/../lib/gcc/arm-none-eabi/9.3.1/../../../../arm-none-eabi/lib/thumb/v7-m/nofp/libc_nano.a(lib_a-stdio.o)
                0x0000000008007c76                __swrite
 .text.__sseek  0x0000000008007cae       0x24 /opt/st/stm32cubeide_1.7.0/plugins/com.st.stm32cube.ide.mcu.externaltools.gnu-tools-for-stm32.9-2020-q2-update.linux64_2.0.0.202105311346/tools/bin/../lib/gcc/arm-none-eabi/9.3.1/../../../../arm-none-eabi/lib/thumb/v7-m/nofp/libc_nano.a(lib_a-stdio.o)
                0x0000000008007cae                __sseek
 .text.__sclose
                0x0000000008007cd2        0x8 /opt/st/stm32cubeide_1.7.0/plugins/com.st.stm32cube.ide.mcu.externaltools.gnu-tools-for-stm32.9-2020-q2-update.linux64_2.0.0.202105311346/tools/bin/../lib/gcc/arm-none-eabi/9.3.1/../../../../arm-none-eabi/lib/thumb/v7-m/nofp/libc_nano.a(lib_a-stdio.o)
                0x0000000008007cd2                __sclose
 *fill*         0x0000000008007cda        0x2 
 .text.__swbuf_r
                0x0000000008007cdc       0xa4 /opt/st/stm32cubeide_1.7.0/plugins/com.st.stm32cube.ide.mcu.externaltools.gnu-tools-for-stm32.9-2020-q2-update.linux64_2.0.0.202105311346/tools/bin/../lib/gcc/arm-none-eabi/9.3.1/../../../../arm-none-eabi/lib/thumb/v7-m/nofp/libc_nano.a(lib_a-wbuf.o)
                0x0000000008007cdc                __swbuf_r
 .text._write_r
                0x0000000008007d80       0x24 /opt/st/stm32cubeide_1.7.0/plugins/com.st.stm32cube.ide.mcu.externaltools.gnu-tools-for-stm32.9-2020-q2-update.linux64_2.0.0.202105311346/tools/bin/../lib/gcc/arm-none-eabi/9.3.1/../../../../arm-none-eabi/lib/thumb/v7-m/nofp/libc_nano.a(lib_a-writer.o)
                0x0000000008007d80                _write_r
 .text.__swsetup_r
                0x0000000008007da4       0xdc /opt/st/stm32cubeide_1.7.0/plugins/com.st.stm32cube.ide.mcu.externaltools.gnu-tools-for-stm32.9-2020-q2-update.linux64_2.0.0.202105311346/tools/bin/../lib/gcc/arm-none-eabi/9.3.1/../../../../arm-none-eabi/lib/thumb/v7-m/nofp/libc_nano.a(lib_a-wsetup.o)
                0x0000000008007da4                __swsetup_r
 .text._close_r
                0x0000000008007e80       0x20 /opt/st/stm32cubeide_1.7.0/plugins/com.st.stm32cube.ide.mcu.externaltools.gnu-tools-for-stm32.9-2020-q2-update.linux64_2.0.0.202105311346/tools/bin/../lib/gcc/arm-none-eabi/9.3.1/../../../../arm-none-eabi/lib/thumb/v7-m/nofp/libc_nano.a(lib_a-closer.o)
                0x0000000008007e80                _close_r
 .text.__sflush_r
                0x0000000008007ea0      0x10c /opt/st/stm32cubeide_1.7.0/plugins/com.st.stm32cube.ide.mcu.externaltools.gnu-tools-for-stm32.9-2020-q2-update.linux64_2.0.0.202105311346/tools/bin/../lib/gcc/arm-none-eabi/9.3.1/../../../../arm-none-eabi/lib/thumb/v7-m/nofp/libc_nano.a(lib_a-fflush.o)
                0x0000000008007ea0                __sflush_r
 .text._fflush_r
                0x0000000008007fac       0x78 /opt/st/stm32cubeide_1.7.0/plugins/com.st.stm32cube.ide.mcu.externaltools.gnu-tools-for-stm32.9-2020-q2-update.linux64_2.0.0.202105311346/tools/bin/../lib/gcc/arm-none-eabi/9.3.1/../../../../arm-none-eabi/lib/thumb/v7-m/nofp/libc_nano.a(lib_a-fflush.o)
                0x0000000008007fac                _fflush_r
 .text._lseek_r
                0x0000000008008024       0x24 /opt/st/stm32cubeide_1.7.0/plugins/com.st.stm32cube.ide.mcu.externaltools.gnu-tools-for-stm32.9-2020-q2-update.linux64_2.0.0.202105311346/tools/bin/../lib/gcc/arm-none-eabi/9.3.1/../../../../arm-none-eabi/lib/thumb/v7-m/nofp/libc_nano.a(lib_a-lseekr.o)
                0x0000000008008024                _lseek_r
 .text.__swhatbuf_r
                0x0000000008008048       0x48 /opt/st/stm32cubeide_1.7.0/plugins/com.st.stm32cube.ide.mcu.externaltools.gnu-tools-for-stm32.9-2020-q2-update.linux64_2.0.0.202105311346/tools/bin/../lib/gcc/arm-none-eabi/9.3.1/../../../../arm-none-eabi/lib/thumb/v7-m/nofp/libc_nano.a(lib_a-makebuf.o)
                0x0000000008008048                __swhatbuf_r
 .text.__smakebuf_r
                0x0000000008008090       0x80 /opt/st/stm32cubeide_1.7.0/plugins/com.st.stm32cube.ide.mcu.externaltools.gnu-tools-for-stm32.9-2020-q2-update.linux64_2.0.0.202105311346/tools/bin/../lib/gcc/arm-none-eabi/9.3.1/../../../../arm-none-eabi/lib/thumb/v7-m/nofp/libc_nano.a(lib_a-makebuf.o)
                0x0000000008008090                __smakebuf_r
 .text.__malloc_lock
                0x0000000008008110        0xc /opt/st/stm32cubeide_1.7.0/plugins/com.st.stm32cube.ide.mcu.externaltools.gnu-tools-for-stm32.9-2020-q2-update.linux64_2.0.0.202105311346/tools/bin/../lib/gcc/arm-none-eabi/9.3.1/../../../../arm-none-eabi/lib/thumb/v7-m/nofp/libc_nano.a(lib_a-mlock.o)
                0x0000000008008110                __malloc_lock
 .text.__malloc_unlock
                0x000000000800811c        0xc /opt/st/stm32cubeide_1.7.0/plugins/com.st.stm32cube.ide.mcu.externaltools.gnu-tools-for-stm32.9-2020-q2-update.linux64_2.0.0.202105311346/tools/bin/../lib/gcc/arm-none-eabi/9.3.1/../../../../arm-none-eabi/lib/thumb/v7-m/nofp/libc_nano.a(lib_a-mlock.o)
                0x000000000800811c                __malloc_unlock
 .text.__sfputc_r
                0x0000000008008128       0x2a /opt/st/stm32cubeide_1.7.0/plugins/com.st.stm32cube.ide.mcu.externaltools.gnu-tools-for-stm32.9-2020-q2-update.linux64_2.0.0.202105311346/tools/bin/../lib/gcc/arm-none-eabi/9.3.1/../../../../arm-none-eabi/lib/thumb/v7-m/nofp/libc_nano.a(lib_a-nano-vfprintf.o)
 .text.__sfputs_r
                0x0000000008008152       0x24 /opt/st/stm32cubeide_1.7.0/plugins/com.st.stm32cube.ide.mcu.externaltools.gnu-tools-for-stm32.9-2020-q2-update.linux64_2.0.0.202105311346/tools/bin/../lib/gcc/arm-none-eabi/9.3.1/../../../../arm-none-eabi/lib/thumb/v7-m/nofp/libc_nano.a(lib_a-nano-vfprintf.o)
                0x0000000008008152                __sfputs_r
 *fill*         0x0000000008008176        0x2 
 .text._vfprintf_r
                0x0000000008008178      0x260 /opt/st/stm32cubeide_1.7.0/plugins/com.st.stm32cube.ide.mcu.externaltools.gnu-tools-for-stm32.9-2020-q2-update.linux64_2.0.0.202105311346/tools/bin/../lib/gcc/arm-none-eabi/9.3.1/../../../../arm-none-eabi/lib/thumb/v7-m/nofp/libc_nano.a(lib_a-nano-vfprintf.o)
                0x0000000008008178                _vfiprintf_r
                0x0000000008008178                _vfprintf_r
 .text._printf_common
                0x00000000080083d8       0xde /opt/st/stm32cubeide_1.7.0/plugins/com.st.stm32cube.ide.mcu.externaltools.gnu-tools-for-stm32.9-2020-q2-update.linux64_2.0.0.202105311346/tools/bin/../lib/gcc/arm-none-eabi/9.3.1/../../../../arm-none-eabi/lib/thumb/v7-m/nofp/libc_nano.a(lib_a-nano-vfprintf_i.o)
                0x00000000080083d8                _printf_common
 *fill*         0x00000000080084b6        0x2 
 .text._printf_i
                0x00000000080084b8      0x24c /opt/st/stm32cubeide_1.7.0/plugins/com.st.stm32cube.ide.mcu.externaltools.gnu-tools-for-stm32.9-2020-q2-update.linux64_2.0.0.202105311346/tools/bin/../lib/gcc/arm-none-eabi/9.3.1/../../../../arm-none-eabi/lib/thumb/v7-m/nofp/libc_nano.a(lib_a-nano-vfprintf_i.o)
                0x00000000080084b8                _printf_i
 .text._read_r  0x0000000008008704       0x24 /opt/st/stm32cubeide_1.7.0/plugins/com.st.stm32cube.ide.mcu.externaltools.gnu-tools-for-stm32.9-2020-q2-update.linux64_2.0.0.202105311346/tools/bin/../lib/gcc/arm-none-eabi/9.3.1/../../../../arm-none-eabi/lib/thumb/v7-m/nofp/libc_nano.a(lib_a-readr.o)
                0x0000000008008704                _read_r
 .text._fstat_r
                0x0000000008008728       0x24 /opt/st/stm32cubeide_1.7.0/plugins/com.st.stm32cube.ide.mcu.externaltools.gnu-tools-for-stm32.9-2020-q2-update.linux64_2.0.0.202105311346/tools/bin/../lib/gcc/arm-none-eabi/9.3.1/../../../../arm-none-eabi/lib/thumb/v7-m/nofp/libc_nano.a(lib_a-fstatr.o)
                0x0000000008008728                _fstat_r
 .text._isatty_r
                0x000000000800874c       0x20 /opt/st/stm32cubeide_1.7.0/plugins/com.st.stm32cube.ide.mcu.externaltools.gnu-tools-for-stm32.9-2020-q2-update.linux64_2.0.0.202105311346/tools/bin/../lib/gcc/arm-none-eabi/9.3.1/../../../../arm-none-eabi/lib/thumb/v7-m/nofp/libc_nano.a(lib_a-isattyr.o)
                0x000000000800874c                _isatty_r
 .text.memchr   0x000000000800876c       0x1c /opt/st/stm32cubeide_1.7.0/plugins/com.st.stm32cube.ide.mcu.externaltools.gnu-tools-for-stm32.9-2020-q2-update.linux64_2.0.0.202105311346/tools/bin/../lib/gcc/arm-none-eabi/9.3.1/../../../../arm-none-eabi/lib/thumb/v7-m/nofp/libc_nano.a(lib_a-memchr-stub.o)
                0x000000000800876c                memchr
 *(.glue_7)
 .glue_7        0x0000000008008788        0x0 linker stubs
 *(.glue_7t)
 .glue_7t       0x0000000008008788        0x0 linker stubs
 *(.eh_frame)
 .eh_frame      0x0000000008008788        0x0 /opt/st/stm32cubeide_1.7.0/plugins/com.st.stm32cube.ide.mcu.externaltools.gnu-tools-for-stm32.9-2020-q2-update.linux64_2.0.0.202105311346/tools/bin/../lib/gcc/arm-none-eabi/9.3.1/thumb/v7-m/nofp/crtbegin.o
 *(.init)
 .init          0x0000000008008788        0x4 /opt/st/stm32cubeide_1.7.0/plugins/com.st.stm32cube.ide.mcu.externaltools.gnu-tools-for-stm32.9-2020-q2-update.linux64_2.0.0.202105311346/tools/bin/../lib/gcc/arm-none-eabi/9.3.1/thumb/v7-m/nofp/crti.o
                0x0000000008008788                _init
 .init          0x000000000800878c        0x8 /opt/st/stm32cubeide_1.7.0/plugins/com.st.stm32cube.ide.mcu.externaltools.gnu-tools-for-stm32.9-2020-q2-update.linux64_2.0.0.202105311346/tools/bin/../lib/gcc/arm-none-eabi/9.3.1/thumb/v7-m/nofp/crtn.o
 *(.fini)
 .fini          0x0000000008008794        0x4 /opt/st/stm32cubeide_1.7.0/plugins/com.st.stm32cube.ide.mcu.externaltools.gnu-tools-for-stm32.9-2020-q2-update.linux64_2.0.0.202105311346/tools/bin/../lib/gcc/arm-none-eabi/9.3.1/thumb/v7-m/nofp/crti.o
                0x0000000008008794                _fini
 .fini          0x0000000008008798        0x8 /opt/st/stm32cubeide_1.7.0/plugins/com.st.stm32cube.ide.mcu.externaltools.gnu-tools-for-stm32.9-2020-q2-update.linux64_2.0.0.202105311346/tools/bin/../lib/gcc/arm-none-eabi/9.3.1/thumb/v7-m/nofp/crtn.o
                0x00000000080087a0                . = ALIGN (0x4)
                0x00000000080087a0                _etext = .

.vfp11_veneer   0x00000000080087a0        0x0
 .vfp11_veneer  0x00000000080087a0        0x0 linker stubs

.v4_bx          0x00000000080087a0        0x0
 .v4_bx         0x00000000080087a0        0x0 linker stubs

.iplt           0x00000000080087a0        0x0
 .iplt          0x00000000080087a0        0x0 /opt/st/stm32cubeide_1.7.0/plugins/com.st.stm32cube.ide.mcu.externaltools.gnu-tools-for-stm32.9-2020-q2-update.linux64_2.0.0.202105311346/tools/bin/../lib/gcc/arm-none-eabi/9.3.1/thumb/v7-m/nofp/crtbegin.o

.rodata         0x00000000080087a0      0x3c4
                0x00000000080087a0                . = ALIGN (0x4)
 *(.rodata)
 .rodata        0x00000000080087a0       0x45 ./Core/Src/Fake.o
 *fill*         0x00000000080087e5        0x3 
 .rodata        0x00000000080087e8      0x11f ./Core/Src/freertos.o
 *fill*         0x0000000008008907        0x1 
 .rodata        0x0000000008008908        0xd ./Core/Src/stm32f1xx_it.o
 *fill*         0x0000000008008915        0x3 
 .rodata        0x0000000008008918       0x10 ./Drivers/STM32F1xx_HAL_Driver/Src/stm32f1xx_hal_rcc.o
 .rodata        0x0000000008008928        0x5 ./Middlewares/Third_Party/FreeRTOS/Source/tasks.o
 *fill*         0x000000000800892d        0x3 
 .rodata        0x0000000008008930        0xd ./Middlewares/Third_Party/FreeRTOS/Source/timers.o
 *(.rodata*)
 *fill*         0x000000000800893d        0x3 
 .rodata.defaultTask_attributes
                0x0000000008008940       0x24 ./Core/Src/freertos.o
                0x0000000008008940                defaultTask_attributes
 .rodata.grupo1Task_attributes
                0x0000000008008964       0x24 ./Core/Src/freertos.o
                0x0000000008008964                grupo1Task_attributes
 .rodata.grupo2Task_attributes
                0x0000000008008988       0x24 ./Core/Src/freertos.o
                0x0000000008008988                grupo2Task_attributes
 .rodata.canGKTask_attributes
                0x00000000080089ac       0x24 ./Core/Src/freertos.o
                0x00000000080089ac                canGKTask_attributes
 .rodata.storageTask_attributes
                0x00000000080089d0       0x24 ./Core/Src/freertos.o
                0x00000000080089d0                storageTask_attributes
 .rodata.thermalCtrlTask_attributes
                0x00000000080089f4       0x24 ./Core/Src/freertos.o
                0x00000000080089f4                thermalCtrlTask_attributes
 .rodata.stimulusTask_attributes
                0x0000000008008a18       0x24 ./Core/Src/freertos.o
                0x0000000008008a18                stimulusTask_attributes
 .rodata.canEventQueue_attributes
                0x0000000008008a3c       0x18 ./Core/Src/freertos.o
                0x0000000008008a3c                canEventQueue_attributes
 .rodata.grupo1Queue_attributes
                0x0000000008008a54       0x18 ./Core/Src/freertos.o
                0x0000000008008a54                grupo1Queue_attributes
 .rodata.grupo2Queue_attributes
                0x0000000008008a6c       0x18 ./Core/Src/freertos.o
                0x0000000008008a6c                grupo2Queue_attributes
 .rodata.grupo1Timer_attributes
                0x0000000008008a84       0x10 ./Core/Src/freertos.o
                0x0000000008008a84                grupo1Timer_attributes
 .rodata.grupo2Timer_attributes
                0x0000000008008a94       0x10 ./Core/Src/freertos.o
                0x0000000008008a94                grupo2Timer_attributes
 .rodata.uartSemaphore_attributes
                0x0000000008008aa4       0x10 ./Core/Src/freertos.o
                0x0000000008008aa4                uartSemaphore_attributes
 .rodata.AHBPrescTable
                0x0000000008008ab4       0x10 ./Core/Src/system_stm32f1xx.o
                0x0000000008008ab4                AHBPrescTable
 .rodata.APBPrescTable
                0x0000000008008ac4        0x8 ./Core/Src/system_stm32f1xx.o
                0x0000000008008ac4                APBPrescTable
 .rodata.__sf_fake_stderr
                0x0000000008008acc       0x20 /opt/st/stm32cubeide_1.7.0/plugins/com.st.stm32cube.ide.mcu.externaltools.gnu-tools-for-stm32.9-2020-q2-update.linux64_2.0.0.202105311346/tools/bin/../lib/gcc/arm-none-eabi/9.3.1/../../../../arm-none-eabi/lib/thumb/v7-m/nofp/libc_nano.a(lib_a-findfp.o)
                0x0000000008008acc                __sf_fake_stderr
 .rodata.__sf_fake_stdin
                0x0000000008008aec       0x20 /opt/st/stm32cubeide_1.7.0/plugins/com.st.stm32cube.ide.mcu.externaltools.gnu-tools-for-stm32.9-2020-q2-update.linux64_2.0.0.202105311346/tools/bin/../lib/gcc/arm-none-eabi/9.3.1/../../../../arm-none-eabi/lib/thumb/v7-m/nofp/libc_nano.a(lib_a-findfp.o)
                0x0000000008008aec                __sf_fake_stdin
 .rodata.__sf_fake_stdout
                0x0000000008008b0c       0x20 /opt/st/stm32cubeide_1.7.0/plugins/com.st.stm32cube.ide.mcu.externaltools.gnu-tools-for-stm32.9-2020-q2-update.linux64_2.0.0.202105311346/tools/bin/../lib/gcc/arm-none-eabi/9.3.1/../../../../arm-none-eabi/lib/thumb/v7-m/nofp/libc_nano.a(lib_a-findfp.o)
                0x0000000008008b0c                __sf_fake_stdout
 .rodata._global_impure_ptr
                0x0000000008008b2c        0x4 /opt/st/stm32cubeide_1.7.0/plugins/com.st.stm32cube.ide.mcu.externaltools.gnu-tools-for-stm32.9-2020-q2-update.linux64_2.0.0.202105311346/tools/bin/../lib/gcc/arm-none-eabi/9.3.1/../../../../arm-none-eabi/lib/thumb/v7-m/nofp/libc_nano.a(lib_a-impure.o)
                0x0000000008008b2c                _global_impure_ptr
 .rodata._vfprintf_r.str1.1
                0x0000000008008b30       0x11 /opt/st/stm32cubeide_1.7.0/plugins/com.st.stm32cube.ide.mcu.externaltools.gnu-tools-for-stm32.9-2020-q2-update.linux64_2.0.0.202105311346/tools/bin/../lib/gcc/arm-none-eabi/9.3.1/../../../../arm-none-eabi/lib/thumb/v7-m/nofp/libc_nano.a(lib_a-nano-vfprintf.o)
 .rodata._printf_i.str1.1
                0x0000000008008b41       0x22 /opt/st/stm32cubeide_1.7.0/plugins/com.st.stm32cube.ide.mcu.externaltools.gnu-tools-for-stm32.9-2020-q2-update.linux64_2.0.0.202105311346/tools/bin/../lib/gcc/arm-none-eabi/9.3.1/../../../../arm-none-eabi/lib/thumb/v7-m/nofp/libc_nano.a(lib_a-nano-vfprintf_i.o)
                0x0000000008008b64                . = ALIGN (0x4)
 *fill*         0x0000000008008b63        0x1 

.rel.dyn        0x0000000008008b64        0x0
 .rel.iplt      0x0000000008008b64        0x0 /opt/st/stm32cubeide_1.7.0/plugins/com.st.stm32cube.ide.mcu.externaltools.gnu-tools-for-stm32.9-2020-q2-update.linux64_2.0.0.202105311346/tools/bin/../lib/gcc/arm-none-eabi/9.3.1/thumb/v7-m/nofp/crtbegin.o

.ARM.extab      0x0000000008008b64        0x0
                0x0000000008008b64                . = ALIGN (0x4)
 *(.ARM.extab* .gnu.linkonce.armextab.*)
                0x0000000008008b64                . = ALIGN (0x4)

.ARM            0x0000000008008b64        0x0
                0x0000000008008b64                . = ALIGN (0x4)
                0x0000000008008b64                __exidx_start = .
 *(.ARM.exidx*)
                0x0000000008008b64                __exidx_end = .
                0x0000000008008b64                . = ALIGN (0x4)

.preinit_array  0x0000000008008b64        0x0
                0x0000000008008b64                . = ALIGN (0x4)
                0x0000000008008b64                PROVIDE (__preinit_array_start = .)
 *(.preinit_array*)
                0x0000000008008b64                PROVIDE (__preinit_array_end = .)
                0x0000000008008b64                . = ALIGN (0x4)

.init_array     0x0000000008008b64        0x4
                0x0000000008008b64                . = ALIGN (0x4)
                0x0000000008008b64                PROVIDE (__init_array_start = .)
 *(SORT_BY_NAME(.init_array.*))
 *(.init_array*)
 .init_array    0x0000000008008b64        0x4 /opt/st/stm32cubeide_1.7.0/plugins/com.st.stm32cube.ide.mcu.externaltools.gnu-tools-for-stm32.9-2020-q2-update.linux64_2.0.0.202105311346/tools/bin/../lib/gcc/arm-none-eabi/9.3.1/thumb/v7-m/nofp/crtbegin.o
                0x0000000008008b68                PROVIDE (__init_array_end = .)
                0x0000000008008b68                . = ALIGN (0x4)

.fini_array     0x0000000008008b68        0x4
                0x0000000008008b68                . = ALIGN (0x4)
                [!provide]                        PROVIDE (__fini_array_start = .)
 *(SORT_BY_NAME(.fini_array.*))
 *(.fini_array*)
 .fini_array    0x0000000008008b68        0x4 /opt/st/stm32cubeide_1.7.0/plugins/com.st.stm32cube.ide.mcu.externaltools.gnu-tools-for-stm32.9-2020-q2-update.linux64_2.0.0.202105311346/tools/bin/../lib/gcc/arm-none-eabi/9.3.1/thumb/v7-m/nofp/crtbegin.o
                [!provide]                        PROVIDE (__fini_array_end = .)
                0x0000000008008b6c                . = ALIGN (0x4)
                0x0000000008008b6c                _sidata = LOADADDR (.data)

.data           0x0000000020000000       0x74 load address 0x0000000008008b6c
                0x0000000020000000                . = ALIGN (0x4)
                0x0000000020000000                _sdata = .
 *(.data)
 *(.data*)
 .data.SystemCoreClock
                0x0000000020000000        0x4 ./Core/Src/system_stm32f1xx.o
                0x0000000020000000                SystemCoreClock
 .data.uwTickPrio
                0x0000000020000004        0x4 ./Drivers/STM32F1xx_HAL_Driver/Src/stm32f1xx_hal.o
                0x0000000020000004                uwTickPrio
 .data.uwTickFreq
                0x0000000020000008        0x1 ./Drivers/STM32F1xx_HAL_Driver/Src/stm32f1xx_hal.o
                0x0000000020000008                uwTickFreq
 *fill*         0x0000000020000009        0x3 
 .data.uxCriticalNesting
                0x000000002000000c        0x4 ./Middlewares/Third_Party/FreeRTOS/Source/portable/GCC/ARM_CM3/port.o
 .data._impure_ptr
                0x0000000020000010        0x4 /opt/st/stm32cubeide_1.7.0/plugins/com.st.stm32cube.ide.mcu.externaltools.gnu-tools-for-stm32.9-2020-q2-update.linux64_2.0.0.202105311346/tools/bin/../lib/gcc/arm-none-eabi/9.3.1/../../../../arm-none-eabi/lib/thumb/v7-m/nofp/libc_nano.a(lib_a-impure.o)
                0x0000000020000010                _impure_ptr
 .data.impure_data
                0x0000000020000014       0x60 /opt/st/stm32cubeide_1.7.0/plugins/com.st.stm32cube.ide.mcu.externaltools.gnu-tools-for-stm32.9-2020-q2-update.linux64_2.0.0.202105311346/tools/bin/../lib/gcc/arm-none-eabi/9.3.1/../../../../arm-none-eabi/lib/thumb/v7-m/nofp/libc_nano.a(lib_a-impure.o)
 *(.RamFunc)
 *(.RamFunc*)
                0x0000000020000074                . = ALIGN (0x4)
                0x0000000020000074                _edata = .

.igot.plt       0x0000000020000074        0x0 load address 0x0000000008008be0
 .igot.plt      0x0000000020000074        0x0 /opt/st/stm32cubeide_1.7.0/plugins/com.st.stm32cube.ide.mcu.externaltools.gnu-tools-for-stm32.9-2020-q2-update.linux64_2.0.0.202105311346/tools/bin/../lib/gcc/arm-none-eabi/9.3.1/thumb/v7-m/nofp/crtbegin.o
                0x0000000020000074                . = ALIGN (0x4)

.bss            0x0000000020000074     0x2898 load address 0x0000000008008be0
                0x0000000020000074                _sbss = .
                0x0000000020000074                __bss_start__ = _sbss
 *(.bss)
 .bss           0x0000000020000074       0x1c /opt/st/stm32cubeide_1.7.0/plugins/com.st.stm32cube.ide.mcu.externaltools.gnu-tools-for-stm32.9-2020-q2-update.linux64_2.0.0.202105311346/tools/bin/../lib/gcc/arm-none-eabi/9.3.1/thumb/v7-m/nofp/crtbegin.o
 *(.bss*)
 .bss.__sbrk_heap_end
                0x0000000020000090        0x4 ./Core/Src/sysmem.o
 .bss.__lock___sinit_recursive_mutex
                0x0000000020000094        0xc ./Core/ThreadSafe/newlib_lock_glue.o
                0x0000000020000094                __lock___sinit_recursive_mutex
 .bss.__lock___sfp_recursive_mutex
                0x00000000200000a0        0xc ./Core/ThreadSafe/newlib_lock_glue.o
                0x00000000200000a0                __lock___sfp_recursive_mutex
 .bss.__lock___malloc_recursive_mutex
                0x00000000200000ac        0xc ./Core/ThreadSafe/newlib_lock_glue.o
                0x00000000200000ac                __lock___malloc_recursive_mutex
 .bss.KernelState
                0x00000000200000b8        0x4 ./Middlewares/Third_Party/FreeRTOS/Source/CMSIS_RTOS_V2/cmsis_os2.o
 .bss.Idle_TCB  0x00000000200000bc       0xbc ./Middlewares/Third_Party/FreeRTOS/Source/CMSIS_RTOS_V2/cmsis_os2.o
 .bss.Idle_Stack
                0x0000000020000178      0x200 ./Middlewares/Third_Party/FreeRTOS/Source/CMSIS_RTOS_V2/cmsis_os2.o
 .bss.Timer_TCB
                0x0000000020000378       0xbc ./Middlewares/Third_Party/FreeRTOS/Source/CMSIS_RTOS_V2/cmsis_os2.o
 .bss.Timer_Stack
                0x0000000020000434      0x200 ./Middlewares/Third_Party/FreeRTOS/Source/CMSIS_RTOS_V2/cmsis_os2.o
 .bss.pxCurrentTCB
                0x0000000020000634        0x4 ./Middlewares/Third_Party/FreeRTOS/Source/tasks.o
                0x0000000020000634                pxCurrentTCB
 .bss.pxReadyTasksLists
                0x0000000020000638      0x460 ./Middlewares/Third_Party/FreeRTOS/Source/tasks.o
 .bss.xDelayedTaskList1
                0x0000000020000a98       0x14 ./Middlewares/Third_Party/FreeRTOS/Source/tasks.o
 .bss.xDelayedTaskList2
                0x0000000020000aac       0x14 ./Middlewares/Third_Party/FreeRTOS/Source/tasks.o
 .bss.pxDelayedTaskList
                0x0000000020000ac0        0x4 ./Middlewares/Third_Party/FreeRTOS/Source/tasks.o
 .bss.pxOverflowDelayedTaskList
                0x0000000020000ac4        0x4 ./Middlewares/Third_Party/FreeRTOS/Source/tasks.o
 .bss.xPendingReadyList
                0x0000000020000ac8       0x14 ./Middlewares/Third_Party/FreeRTOS/Source/tasks.o
 .bss.xTasksWaitingTermination
                0x0000000020000adc       0x14 ./Middlewares/Third_Party/FreeRTOS/Source/tasks.o
 .bss.uxDeletedTasksWaitingCleanUp
                0x0000000020000af0        0x4 ./Middlewares/Third_Party/FreeRTOS/Source/tasks.o
 .bss.xSuspendedTaskList
                0x0000000020000af4       0x14 ./Middlewares/Third_Party/FreeRTOS/Source/tasks.o
 .bss.uxCurrentNumberOfTasks
                0x0000000020000b08        0x4 ./Middlewares/Third_Party/FreeRTOS/Source/tasks.o
 .bss.xTickCount
                0x0000000020000b0c        0x4 ./Middlewares/Third_Party/FreeRTOS/Source/tasks.o
 .bss.uxTopReadyPriority
                0x0000000020000b10        0x4 ./Middlewares/Third_Party/FreeRTOS/Source/tasks.o
 .bss.xSchedulerRunning
                0x0000000020000b14        0x4 ./Middlewares/Third_Party/FreeRTOS/Source/tasks.o
 .bss.uxPendedTicks
                0x0000000020000b18        0x4 ./Middlewares/Third_Party/FreeRTOS/Source/tasks.o
 .bss.xYieldPending
                0x0000000020000b1c        0x4 ./Middlewares/Third_Party/FreeRTOS/Source/tasks.o
 .bss.xNumOfOverflows
                0x0000000020000b20        0x4 ./Middlewares/Third_Party/FreeRTOS/Source/tasks.o
 .bss.uxTaskNumber
                0x0000000020000b24        0x4 ./Middlewares/Third_Party/FreeRTOS/Source/tasks.o
 .bss.xNextTaskUnblockTime
                0x0000000020000b28        0x4 ./Middlewares/Third_Party/FreeRTOS/Source/tasks.o
 .bss.xIdleTaskHandle
                0x0000000020000b2c        0x4 ./Middlewares/Third_Party/FreeRTOS/Source/tasks.o
 .bss.uxSchedulerSuspended
                0x0000000020000b30        0x4 ./Middlewares/Third_Party/FreeRTOS/Source/tasks.o
 .bss.xActiveTimerList1
                0x0000000020000b34       0x14 ./Middlewares/Third_Party/FreeRTOS/Source/timers.o
 .bss.xActiveTimerList2
                0x0000000020000b48       0x14 ./Middlewares/Third_Party/FreeRTOS/Source/timers.o
 .bss.pxCurrentTimerList
                0x0000000020000b5c        0x4 ./Middlewares/Third_Party/FreeRTOS/Source/timers.o
 .bss.pxOverflowTimerList
                0x0000000020000b60        0x4 ./Middlewares/Third_Party/FreeRTOS/Source/timers.o
 .bss.xTimerQueue
                0x0000000020000b64        0x4 ./Middlewares/Third_Party/FreeRTOS/Source/timers.o
 .bss.xTimerTaskHandle
                0x0000000020000b68        0x4 ./Middlewares/Third_Party/FreeRTOS/Source/timers.o
 .bss.xLastTime.5610
                0x0000000020000b6c        0x4 ./Middlewares/Third_Party/FreeRTOS/Source/timers.o
 .bss.ucStaticTimerQueueStorage.5661
                0x0000000020000b70       0x40 ./Middlewares/Third_Party/FreeRTOS/Source/timers.o
 .bss.xStaticTimerQueue.5660
                0x0000000020000bb0       0x54 ./Middlewares/Third_Party/FreeRTOS/Source/timers.o
 .bss.ucMaxSysCallPriority
                0x0000000020000c04        0x1 ./Middlewares/Third_Party/FreeRTOS/Source/portable/GCC/ARM_CM3/port.o
 *fill*         0x0000000020000c05        0x3 
 .bss.ulMaxPRIGROUPValue
                0x0000000020000c08        0x4 ./Middlewares/Third_Party/FreeRTOS/Source/portable/GCC/ARM_CM3/port.o
 .bss.ucHeap    0x0000000020000c0c      0x7e2 ./Middlewares/Third_Party/FreeRTOS/Source/portable/MemMang/heap_4.o
 *fill*         0x00000000200013ee        0x2 
 .bss.xStart    0x00000000200013f0        0x8 ./Middlewares/Third_Party/FreeRTOS/Source/portable/MemMang/heap_4.o
 .bss.pxEnd     0x00000000200013f8        0x4 ./Middlewares/Third_Party/FreeRTOS/Source/portable/MemMang/heap_4.o
 .bss.xFreeBytesRemaining
                0x00000000200013fc        0x4 ./Middlewares/Third_Party/FreeRTOS/Source/portable/MemMang/heap_4.o
 .bss.xMinimumEverFreeBytesRemaining
                0x0000000020001400        0x4 ./Middlewares/Third_Party/FreeRTOS/Source/portable/MemMang/heap_4.o
 .bss.xBlockAllocatedBit
                0x0000000020001404        0x4 ./Middlewares/Third_Party/FreeRTOS/Source/portable/MemMang/heap_4.o
 .bss.__malloc_free_list
                0x0000000020001408        0x4 /opt/st/stm32cubeide_1.7.0/plugins/com.st.stm32cube.ide.mcu.externaltools.gnu-tools-for-stm32.9-2020-q2-update.linux64_2.0.0.202105311346/tools/bin/../lib/gcc/arm-none-eabi/9.3.1/../../../../arm-none-eabi/lib/thumb/v7-m/nofp/libc_nano.a(lib_a-nano-mallocr.o)
                0x0000000020001408                __malloc_free_list
 .bss.__malloc_sbrk_start
                0x000000002000140c        0x4 /opt/st/stm32cubeide_1.7.0/plugins/com.st.stm32cube.ide.mcu.externaltools.gnu-tools-for-stm32.9-2020-q2-update.linux64_2.0.0.202105311346/tools/bin/../lib/gcc/arm-none-eabi/9.3.1/../../../../arm-none-eabi/lib/thumb/v7-m/nofp/libc_nano.a(lib_a-nano-mallocr.o)
                0x000000002000140c                __malloc_sbrk_start
 *(COMMON)
 COMMON         0x0000000020001410       0x28 ./Core/Src/can.o
                0x0000000020001410                hcan
 COMMON         0x0000000020001438     0x1400 ./Core/Src/freertos.o
                0x0000000020001438                defaultTaskHandle
                0x000000002000143c                thermalCtrlTaskBuffer
                0x000000002000163c                thermalCtrlTaskControlBlock
                0x00000000200016f8                canGKTaskHandle
                0x00000000200016fc                grupo1TaskControlBlock
                0x00000000200017b8                canGKTaskControlBlock
                0x0000000020001874                uartSemaphoreControlBlock
                0x00000000200018c8                uartSemaphoreHandle
                0x00000000200018cc                mailbox
                0x00000000200018d0                grupo1TaskBuffer
                0x0000000020001ad0                grupo2TimerHandle
                0x0000000020001ad4                grupo1TimerControlBlock
                0x0000000020001b04                grupo2TaskHandle
                0x0000000020001b08                grupo2QueueControlBlock
                0x0000000020001b5c                grupo2TaskBuffer
                0x0000000020001d5c                grupo1QueueBuffer
                0x0000000020001ddc                grupo2TaskControlBlock
                0x0000000020001e98                canEventQueueControlBlock
                0x0000000020001eec                storageTaskHandle
                0x0000000020001ef0                storageTaskControlBlock
                0x0000000020001fac                storageTaskBuffer
                0x00000000200021ac                canGKTaskBuffer
                0x00000000200023ac                stimulusTaskHandle
                0x00000000200023b0                grupo2TimerControlBlock
                0x00000000200023e0                grupo1TaskHandle
                0x00000000200023e4                thermalCtrlTaskHandle
                0x00000000200023e8                grupo1QueueControlBlock
                0x000000002000243c                stimulusTaskControlBlock
                0x00000000200024f8                canEventQueueHandle
                0x00000000200024fc                grupo2QueueHandle
                0x0000000020002500                grupo1TimerHandle
                0x0000000020002504                canEventQueueBuffer
                0x00000000200025a4                grupo1QueueHandle
                0x00000000200025a8                stimulusTaskBuffer
                0x00000000200027a8                grupo2QueueBuffer
 COMMON         0x0000000020002838       0x48 ./Core/Src/stm32f1xx_hal_timebase_tim.o
                0x0000000020002838                htim4
 COMMON         0x0000000020002880       0x44 ./Core/Src/usart.o
                0x0000000020002880                huart1
 COMMON         0x00000000200028c4        0x4 ./Drivers/STM32F1xx_HAL_Driver/Src/stm32f1xx_hal.o
                0x00000000200028c4                uwTick
 COMMON         0x00000000200028c8       0x40 ./Middlewares/Third_Party/FreeRTOS/Source/queue.o
                0x00000000200028c8                xQueueRegistry
 COMMON         0x0000000020002908        0x4 /opt/st/stm32cubeide_1.7.0/plugins/com.st.stm32cube.ide.mcu.externaltools.gnu-tools-for-stm32.9-2020-q2-update.linux64_2.0.0.202105311346/tools/bin/../lib/gcc/arm-none-eabi/9.3.1/../../../../arm-none-eabi/lib/thumb/v7-m/nofp/libc_nano.a(lib_a-reent.o)
                0x0000000020002908                errno
                0x000000002000290c                . = ALIGN (0x4)
                0x000000002000290c                _ebss = .
                0x000000002000290c                __bss_end__ = _ebss

._user_heap_stack
                0x000000002000290c      0x604 load address 0x0000000008008be0
                0x0000000020002910                . = ALIGN (0x8)
 *fill*         0x000000002000290c        0x4 
                [!provide]                        PROVIDE (end = .)
                0x0000000020002910                PROVIDE (_end = .)
                0x0000000020002b10                . = (. + _Min_Heap_Size)
 *fill*         0x0000000020002910      0x200 
                0x0000000020002f10                . = (. + _Min_Stack_Size)
 *fill*         0x0000000020002b10      0x400 
                0x0000000020002f10                . = ALIGN (0x8)

/DISCARD/
 libc.a(*)
 libm.a(*)
 libgcc.a(*)

.ARM.attributes
                0x0000000000000000       0x29
 *(.ARM.attributes)
 .ARM.attributes
                0x0000000000000000       0x1d /opt/st/stm32cubeide_1.7.0/plugins/com.st.stm32cube.ide.mcu.externaltools.gnu-tools-for-stm32.9-2020-q2-update.linux64_2.0.0.202105311346/tools/bin/../lib/gcc/arm-none-eabi/9.3.1/thumb/v7-m/nofp/crti.o
 .ARM.attributes
                0x000000000000001d       0x2d /opt/st/stm32cubeide_1.7.0/plugins/com.st.stm32cube.ide.mcu.externaltools.gnu-tools-for-stm32.9-2020-q2-update.linux64_2.0.0.202105311346/tools/bin/../lib/gcc/arm-none-eabi/9.3.1/thumb/v7-m/nofp/crtbegin.o
 .ARM.attributes
                0x000000000000004a       0x2d ./Core/Src/CANZenTool.o
 .ARM.attributes
                0x0000000000000077       0x2d ./Core/Src/Fake.o
 .ARM.attributes
                0x00000000000000a4       0x2d ./Core/Src/can.o
 .ARM.attributes
                0x00000000000000d1       0x2d ./Core/Src/freertos.o
 .ARM.attributes
                0x00000000000000fe       0x2d ./Core/Src/gpio.o
 .ARM.attributes
                0x000000000000012b       0x2d ./Core/Src/main.o
 .ARM.attributes
                0x0000000000000158       0x2d ./Core/Src/stm32f1xx_hal_msp.o
 .ARM.attributes
                0x0000000000000185       0x2d ./Core/Src/stm32f1xx_hal_timebase_tim.o
 .ARM.attributes
                0x00000000000001b2       0x2d ./Core/Src/stm32f1xx_it.o
 .ARM.attributes